

================================================================
== Vitis HLS Report for 'runTrain'
================================================================
* Date:           Mon Oct 17 15:15:03 2022

* Version:        2022.1 (Build 3526262 on Mon Apr 18 15:47:01 MDT 2022)
* Project:        detector_solid
* Solution:       solution2 (Vitis Kernel Flow Target)
* Product family: zynq
* Target device:  xc7z020-clg484-1


================================================================
== Performance Estimates
================================================================
+ Timing: 
    * Summary: 
    +--------+----------+-----------+------------+
    |  Clock |  Target  | Estimated | Uncertainty|
    +--------+----------+-----------+------------+
    |ap_clk  |  18.00 ns|  13.694 ns|     4.86 ns|
    +--------+----------+-----------+------------+

+ Latency: 
    * Summary: 
    +---------+---------+----------+-----------+-----+------+----------+
    |  Latency (cycles) |  Latency (absolute)  |  Interval  | Pipeline |
    |   min   |   max   |    min   |    max    | min |  max |   Type   |
    +---------+---------+----------+-----------+-----+------+----------+
    |       97|     1293|  1.746 us|  23.274 us|   88|  1206|  dataflow|
    +---------+---------+----------+-----------+-----+------+----------+

    + Detail: 
        * Instance: 
        +---------------------------------+------------------------------+---------+---------+----------+-----------+-----+------+---------+
        |                                 |                              |  Latency (cycles) |  Latency (absolute)  |  Interval  | Pipeline|
        |             Instance            |            Module            |   min   |   max   |    min   |    max    | min |  max |   Type  |
        +---------------------------------+------------------------------+---------+---------+----------+-----------+-----+------+---------+
        |entry_proc_U0                    |entry_proc                    |        0|        0|      0 ns|       0 ns|    0|     0|       no|
        |read_data_U0                     |read_data                     |       87|       87|  1.566 us|   1.566 us|   87|    87|       no|
        |runTrain_Block_entry174_proc_U0  |runTrain_Block_entry174_proc  |        9|     1205|  0.162 us|  21.690 us|    9|  1205|       no|
        +---------------------------------+------------------------------+---------+---------+----------+-----------+-----+------+---------+

        * Loop: 
        N/A



================================================================
== Utilization Estimates
================================================================
* Summary: 
+-----------------+---------+-----+--------+-------+-----+
|       Name      | BRAM_18K| DSP |   FF   |  LUT  | URAM|
+-----------------+---------+-----+--------+-------+-----+
|DSP              |        -|    -|       -|      -|    -|
|Expression       |        -|    -|       0|     58|    -|
|FIFO             |        -|    -|    7227|   4964|    -|
|Instance         |        0|   22|    9810|  18573|    0|
|Memory           |        -|    -|       -|      -|    -|
|Multiplexer      |        -|    -|       -|    108|    -|
|Register         |        -|    -|      12|      -|    -|
+-----------------+---------+-----+--------+-------+-----+
|Total            |        0|   22|   17049|  23703|    0|
+-----------------+---------+-----+--------+-------+-----+
|Available        |      280|  220|  106400|  53200|    0|
+-----------------+---------+-----+--------+-------+-----+
|Utilization (%)  |        0|   10|      16|     44|    0|
+-----------------+---------+-----+--------+-------+-----+

+ Detail: 
    * Instance: 
    +---------------------------------+------------------------------+---------+----+------+-------+-----+
    |             Instance            |            Module            | BRAM_18K| DSP|  FF  |  LUT  | URAM|
    +---------------------------------+------------------------------+---------+----+------+-------+-----+
    |entry_proc_U0                    |entry_proc                    |        0|   0|     2|    587|    0|
    |read_data_U0                     |read_data                     |        0|   0|   672|    606|    0|
    |runTrain_Block_entry174_proc_U0  |runTrain_Block_entry174_proc  |        0|  22|  9136|  17380|    0|
    +---------------------------------+------------------------------+---------+----+------+-------+-----+
    |Total                            |                              |        0|  22|  9810|  18573|    0|
    +---------------------------------+------------------------------+---------+----+------+-------+-----+

    * DSP: 
    N/A

    * Memory: 
    N/A

    * FIFO: 
    +--------------------------+---------+----+----+-----+------+-----+---------+
    |           Name           | BRAM_18K| FF | LUT| URAM| Depth| Bits| Size:D*B|
    +--------------------------+---------+----+----+-----+------+-----+---------+
    |AOV_1_U                   |        0|  99|   0|    -|     2|   32|       64|
    |AOV_2_U                   |        0|  99|   0|    -|     2|   32|       64|
    |AOV_3_U                   |        0|  99|   0|    -|     2|   32|       64|
    |AOV_4_U                   |        0|  99|   0|    -|     2|   32|       64|
    |AOV_5_U                   |        0|  99|   0|    -|     2|   32|       64|
    |AOV_6_U                   |        0|  99|   0|    -|     2|   32|       64|
    |AOV_7_U                   |        0|  99|   0|    -|     2|   32|       64|
    |AOV_U                     |        0|  99|   0|    -|     2|   32|       64|
    |checkId_V_U               |        0|  99|   0|    -|     2|    6|       12|
    |p_ZL9n_regions_0_in_c_U   |        0|  99|   0|    -|     3|    8|       24|
    |p_ZL9n_regions_10_in_c_U  |        0|  99|   0|    -|     3|    8|       24|
    |p_ZL9n_regions_11_in_c_U  |        0|  99|   0|    -|     3|    8|       24|
    |p_ZL9n_regions_12_in_c_U  |        0|  99|   0|    -|     3|    8|       24|
    |p_ZL9n_regions_13_in_c_U  |        0|  99|   0|    -|     3|    8|       24|
    |p_ZL9n_regions_14_in_c_U  |        0|  99|   0|    -|     3|    8|       24|
    |p_ZL9n_regions_15_in_c_U  |        0|  99|   0|    -|     3|    8|       24|
    |p_ZL9n_regions_16_in_c_U  |        0|  99|   0|    -|     3|    8|       24|
    |p_ZL9n_regions_17_in_c_U  |        0|  99|   0|    -|     3|    8|       24|
    |p_ZL9n_regions_18_in_c_U  |        0|  99|   0|    -|     3|    8|       24|
    |p_ZL9n_regions_19_in_c_U  |        0|  99|   0|    -|     3|    8|       24|
    |p_ZL9n_regions_1_in_c_U   |        0|  99|   0|    -|     3|    8|       24|
    |p_ZL9n_regions_20_in_c_U  |        0|  99|   0|    -|     3|    8|       24|
    |p_ZL9n_regions_21_in_c_U  |        0|  99|   0|    -|     3|    8|       24|
    |p_ZL9n_regions_22_in_c_U  |        0|  99|   0|    -|     3|    8|       24|
    |p_ZL9n_regions_23_in_c_U  |        0|  99|   0|    -|     3|    8|       24|
    |p_ZL9n_regions_24_in_c_U  |        0|  99|   0|    -|     3|    8|       24|
    |p_ZL9n_regions_25_in_c_U  |        0|  99|   0|    -|     3|    8|       24|
    |p_ZL9n_regions_26_in_c_U  |        0|  99|   0|    -|     3|    8|       24|
    |p_ZL9n_regions_27_in_c_U  |        0|  99|   0|    -|     3|    8|       24|
    |p_ZL9n_regions_28_in_c_U  |        0|  99|   0|    -|     3|    8|       24|
    |p_ZL9n_regions_29_in_c_U  |        0|  99|   0|    -|     3|    8|       24|
    |p_ZL9n_regions_2_in_c_U   |        0|  99|   0|    -|     3|    8|       24|
    |p_ZL9n_regions_30_in_c_U  |        0|  99|   0|    -|     3|    8|       24|
    |p_ZL9n_regions_31_in_c_U  |        0|  99|   0|    -|     3|    8|       24|
    |p_ZL9n_regions_32_in_c_U  |        0|  99|   0|    -|     3|    8|       24|
    |p_ZL9n_regions_33_in_c_U  |        0|  99|   0|    -|     3|    8|       24|
    |p_ZL9n_regions_34_in_c_U  |        0|  99|   0|    -|     3|    8|       24|
    |p_ZL9n_regions_35_in_c_U  |        0|  99|   0|    -|     3|    8|       24|
    |p_ZL9n_regions_36_in_c_U  |        0|  99|   0|    -|     3|    8|       24|
    |p_ZL9n_regions_37_in_c_U  |        0|  99|   0|    -|     3|    8|       24|
    |p_ZL9n_regions_38_in_c_U  |        0|  99|   0|    -|     3|    8|       24|
    |p_ZL9n_regions_39_in_c_U  |        0|  99|   0|    -|     3|    8|       24|
    |p_ZL9n_regions_3_in_c_U   |        0|  99|   0|    -|     3|    8|       24|
    |p_ZL9n_regions_40_in_c_U  |        0|  99|   0|    -|     3|    8|       24|
    |p_ZL9n_regions_41_in_c_U  |        0|  99|   0|    -|     3|    8|       24|
    |p_ZL9n_regions_42_in_c_U  |        0|  99|   0|    -|     3|    8|       24|
    |p_ZL9n_regions_43_in_c_U  |        0|  99|   0|    -|     3|    8|       24|
    |p_ZL9n_regions_44_in_c_U  |        0|  99|   0|    -|     3|    8|       24|
    |p_ZL9n_regions_45_in_c_U  |        0|  99|   0|    -|     3|    8|       24|
    |p_ZL9n_regions_46_in_c_U  |        0|  99|   0|    -|     3|    8|       24|
    |p_ZL9n_regions_47_in_c_U  |        0|  99|   0|    -|     3|    8|       24|
    |p_ZL9n_regions_48_in_c_U  |        0|  99|   0|    -|     3|    8|       24|
    |p_ZL9n_regions_49_in_c_U  |        0|  99|   0|    -|     3|    8|       24|
    |p_ZL9n_regions_4_in_c_U   |        0|  99|   0|    -|     3|    8|       24|
    |p_ZL9n_regions_50_in_c_U  |        0|  99|   0|    -|     3|    8|       24|
    |p_ZL9n_regions_51_in_c_U  |        0|  99|   0|    -|     3|    8|       24|
    |p_ZL9n_regions_52_in_c_U  |        0|  99|   0|    -|     3|    8|       24|
    |p_ZL9n_regions_53_in_c_U  |        0|  99|   0|    -|     3|    8|       24|
    |p_ZL9n_regions_54_in_c_U  |        0|  99|   0|    -|     3|    8|       24|
    |p_ZL9n_regions_55_in_c_U  |        0|  99|   0|    -|     3|    8|       24|
    |p_ZL9n_regions_56_in_c_U  |        0|  99|   0|    -|     3|    8|       24|
    |p_ZL9n_regions_57_in_c_U  |        0|  99|   0|    -|     3|    8|       24|
    |p_ZL9n_regions_58_in_c_U  |        0|  99|   0|    -|     3|    8|       24|
    |p_ZL9n_regions_59_in_c_U  |        0|  99|   0|    -|     3|    8|       24|
    |p_ZL9n_regions_5_in_c_U   |        0|  99|   0|    -|     3|    8|       24|
    |p_ZL9n_regions_60_in_c_U  |        0|  99|   0|    -|     3|    8|       24|
    |p_ZL9n_regions_61_in_c_U  |        0|  99|   0|    -|     3|    8|       24|
    |p_ZL9n_regions_62_in_c_U  |        0|  99|   0|    -|     3|    8|       24|
    |p_ZL9n_regions_63_in_c_U  |        0|  99|   0|    -|     3|    8|       24|
    |p_ZL9n_regions_6_in_c_U   |        0|  99|   0|    -|     3|    8|       24|
    |p_ZL9n_regions_7_in_c_U   |        0|  99|   0|    -|     3|    8|       24|
    |p_ZL9n_regions_8_in_c_U   |        0|  99|   0|    -|     3|    8|       24|
    |p_ZL9n_regions_9_in_c_U   |        0|  99|   0|    -|     3|    8|       24|
    +--------------------------+---------+----+----+-----+------+-----+---------+
    |Total                     |        0|7227|   0|    0|   210|  774|     2060|
    +--------------------------+---------+----+----+-----+------+-----+---------+

    * Expression: 
    +--------------------------------------------------+----------+----+---+----+------------+------------+
    |                   Variable Name                  | Operation| DSP| FF| LUT| Bitwidth P0| Bitwidth P1|
    +--------------------------------------------------+----------+----+---+----+------------+------------+
    |ap_channel_done_AOV                               |       and|   0|  0|   2|           1|           1|
    |ap_channel_done_AOV_1                             |       and|   0|  0|   2|           1|           1|
    |ap_channel_done_AOV_2                             |       and|   0|  0|   2|           1|           1|
    |ap_channel_done_AOV_3                             |       and|   0|  0|   2|           1|           1|
    |ap_channel_done_AOV_4                             |       and|   0|  0|   2|           1|           1|
    |ap_channel_done_AOV_5                             |       and|   0|  0|   2|           1|           1|
    |ap_channel_done_AOV_6                             |       and|   0|  0|   2|           1|           1|
    |ap_channel_done_AOV_7                             |       and|   0|  0|   2|           1|           1|
    |ap_channel_done_checkId_V                         |       and|   0|  0|   2|           1|           1|
    |ap_idle                                           |       and|   0|  0|   2|           1|           1|
    |ap_sync_continue                                  |       and|   0|  0|   2|           1|           1|
    |ap_sync_done                                      |       and|   0|  0|   2|           1|           1|
    |ap_sync_ready                                     |       and|   0|  0|   2|           1|           1|
    |entry_proc_U0_ap_start                            |       and|   0|  0|   2|           1|           1|
    |read_data_U0_ap_continue                          |       and|   0|  0|   2|           1|           1|
    |read_data_U0_ap_start                             |       and|   0|  0|   2|           1|           1|
    |runTrain_Block_entry174_proc_U0_ap_start          |       and|   0|  0|   2|           1|           1|
    |ap_sync_channel_write_AOV                         |        or|   0|  0|   2|           1|           1|
    |ap_sync_channel_write_AOV_1                       |        or|   0|  0|   2|           1|           1|
    |ap_sync_channel_write_AOV_2                       |        or|   0|  0|   2|           1|           1|
    |ap_sync_channel_write_AOV_3                       |        or|   0|  0|   2|           1|           1|
    |ap_sync_channel_write_AOV_4                       |        or|   0|  0|   2|           1|           1|
    |ap_sync_channel_write_AOV_5                       |        or|   0|  0|   2|           1|           1|
    |ap_sync_channel_write_AOV_6                       |        or|   0|  0|   2|           1|           1|
    |ap_sync_channel_write_AOV_7                       |        or|   0|  0|   2|           1|           1|
    |ap_sync_channel_write_checkId_V                   |        or|   0|  0|   2|           1|           1|
    |ap_sync_entry_proc_U0_ap_ready                    |        or|   0|  0|   2|           1|           1|
    |ap_sync_read_data_U0_ap_ready                     |        or|   0|  0|   2|           1|           1|
    |ap_sync_runTrain_Block_entry174_proc_U0_ap_ready  |        or|   0|  0|   2|           1|           1|
    +--------------------------------------------------+----------+----+---+----+------------+------------+
    |Total                                             |          |   0|  0|  58|          29|          29|
    +--------------------------------------------------+----------+----+---+----+------------+------------+

    * Multiplexer: 
    +------------------------------------------------------+----+-----------+-----+-----------+
    |                         Name                         | LUT| Input Size| Bits| Total Bits|
    +------------------------------------------------------+----+-----------+-----+-----------+
    |ap_sync_reg_channel_write_AOV                         |   9|          2|    1|          2|
    |ap_sync_reg_channel_write_AOV_1                       |   9|          2|    1|          2|
    |ap_sync_reg_channel_write_AOV_2                       |   9|          2|    1|          2|
    |ap_sync_reg_channel_write_AOV_3                       |   9|          2|    1|          2|
    |ap_sync_reg_channel_write_AOV_4                       |   9|          2|    1|          2|
    |ap_sync_reg_channel_write_AOV_5                       |   9|          2|    1|          2|
    |ap_sync_reg_channel_write_AOV_6                       |   9|          2|    1|          2|
    |ap_sync_reg_channel_write_AOV_7                       |   9|          2|    1|          2|
    |ap_sync_reg_channel_write_checkId_V                   |   9|          2|    1|          2|
    |ap_sync_reg_entry_proc_U0_ap_ready                    |   9|          2|    1|          2|
    |ap_sync_reg_read_data_U0_ap_ready                     |   9|          2|    1|          2|
    |ap_sync_reg_runTrain_Block_entry174_proc_U0_ap_ready  |   9|          2|    1|          2|
    +------------------------------------------------------+----+-----------+-----+-----------+
    |Total                                                 | 108|         24|   12|         24|
    +------------------------------------------------------+----+-----------+-----+-----------+

    * Register: 
    +------------------------------------------------------+---+----+-----+-----------+
    |                         Name                         | FF| LUT| Bits| Const Bits|
    +------------------------------------------------------+---+----+-----+-----------+
    |ap_sync_reg_channel_write_AOV                         |  1|   0|    1|          0|
    |ap_sync_reg_channel_write_AOV_1                       |  1|   0|    1|          0|
    |ap_sync_reg_channel_write_AOV_2                       |  1|   0|    1|          0|
    |ap_sync_reg_channel_write_AOV_3                       |  1|   0|    1|          0|
    |ap_sync_reg_channel_write_AOV_4                       |  1|   0|    1|          0|
    |ap_sync_reg_channel_write_AOV_5                       |  1|   0|    1|          0|
    |ap_sync_reg_channel_write_AOV_6                       |  1|   0|    1|          0|
    |ap_sync_reg_channel_write_AOV_7                       |  1|   0|    1|          0|
    |ap_sync_reg_channel_write_checkId_V                   |  1|   0|    1|          0|
    |ap_sync_reg_entry_proc_U0_ap_ready                    |  1|   0|    1|          0|
    |ap_sync_reg_read_data_U0_ap_ready                     |  1|   0|    1|          0|
    |ap_sync_reg_runTrain_Block_entry174_proc_U0_ap_ready  |  1|   0|    1|          0|
    +------------------------------------------------------+---+----+-----+-----------+
    |Total                                                 | 12|   0|   12|          0|
    +------------------------------------------------------+---+----+-----+-----------+



================================================================
== Interface
================================================================
* Summary: 
+------------------------------+-----+-----+------------+-----------------------+--------------+
|           RTL Ports          | Dir | Bits|  Protocol  |     Source Object     |    C Type    |
+------------------------------+-----+-----+------------+-----------------------+--------------+
|m_axi_empty_28_AWVALID        |  out|    1|       m_axi|                   gmem|       pointer|
|m_axi_empty_28_AWREADY        |   in|    1|       m_axi|                   gmem|       pointer|
|m_axi_empty_28_AWADDR         |  out|   64|       m_axi|                   gmem|       pointer|
|m_axi_empty_28_AWID           |  out|    1|       m_axi|                   gmem|       pointer|
|m_axi_empty_28_AWLEN          |  out|   32|       m_axi|                   gmem|       pointer|
|m_axi_empty_28_AWSIZE         |  out|    3|       m_axi|                   gmem|       pointer|
|m_axi_empty_28_AWBURST        |  out|    2|       m_axi|                   gmem|       pointer|
|m_axi_empty_28_AWLOCK         |  out|    2|       m_axi|                   gmem|       pointer|
|m_axi_empty_28_AWCACHE        |  out|    4|       m_axi|                   gmem|       pointer|
|m_axi_empty_28_AWPROT         |  out|    3|       m_axi|                   gmem|       pointer|
|m_axi_empty_28_AWQOS          |  out|    4|       m_axi|                   gmem|       pointer|
|m_axi_empty_28_AWREGION       |  out|    4|       m_axi|                   gmem|       pointer|
|m_axi_empty_28_AWUSER         |  out|    1|       m_axi|                   gmem|       pointer|
|m_axi_empty_28_WVALID         |  out|    1|       m_axi|                   gmem|       pointer|
|m_axi_empty_28_WREADY         |   in|    1|       m_axi|                   gmem|       pointer|
|m_axi_empty_28_WDATA          |  out|  512|       m_axi|                   gmem|       pointer|
|m_axi_empty_28_WSTRB          |  out|   64|       m_axi|                   gmem|       pointer|
|m_axi_empty_28_WLAST          |  out|    1|       m_axi|                   gmem|       pointer|
|m_axi_empty_28_WID            |  out|    1|       m_axi|                   gmem|       pointer|
|m_axi_empty_28_WUSER          |  out|    1|       m_axi|                   gmem|       pointer|
|m_axi_empty_28_ARVALID        |  out|    1|       m_axi|                   gmem|       pointer|
|m_axi_empty_28_ARREADY        |   in|    1|       m_axi|                   gmem|       pointer|
|m_axi_empty_28_ARADDR         |  out|   64|       m_axi|                   gmem|       pointer|
|m_axi_empty_28_ARID           |  out|    1|       m_axi|                   gmem|       pointer|
|m_axi_empty_28_ARLEN          |  out|   32|       m_axi|                   gmem|       pointer|
|m_axi_empty_28_ARSIZE         |  out|    3|       m_axi|                   gmem|       pointer|
|m_axi_empty_28_ARBURST        |  out|    2|       m_axi|                   gmem|       pointer|
|m_axi_empty_28_ARLOCK         |  out|    2|       m_axi|                   gmem|       pointer|
|m_axi_empty_28_ARCACHE        |  out|    4|       m_axi|                   gmem|       pointer|
|m_axi_empty_28_ARPROT         |  out|    3|       m_axi|                   gmem|       pointer|
|m_axi_empty_28_ARQOS          |  out|    4|       m_axi|                   gmem|       pointer|
|m_axi_empty_28_ARREGION       |  out|    4|       m_axi|                   gmem|       pointer|
|m_axi_empty_28_ARUSER         |  out|    1|       m_axi|                   gmem|       pointer|
|m_axi_empty_28_RVALID         |   in|    1|       m_axi|                   gmem|       pointer|
|m_axi_empty_28_RREADY         |  out|    1|       m_axi|                   gmem|       pointer|
|m_axi_empty_28_RDATA          |   in|  512|       m_axi|                   gmem|       pointer|
|m_axi_empty_28_RLAST          |   in|    1|       m_axi|                   gmem|       pointer|
|m_axi_empty_28_RID            |   in|    1|       m_axi|                   gmem|       pointer|
|m_axi_empty_28_RFIFONUM       |   in|    9|       m_axi|                   gmem|       pointer|
|m_axi_empty_28_RUSER          |   in|    1|       m_axi|                   gmem|       pointer|
|m_axi_empty_28_RRESP          |   in|    2|       m_axi|                   gmem|       pointer|
|m_axi_empty_28_BVALID         |   in|    1|       m_axi|                   gmem|       pointer|
|m_axi_empty_28_BREADY         |  out|    1|       m_axi|                   gmem|       pointer|
|m_axi_empty_28_BRESP          |   in|    2|       m_axi|                   gmem|       pointer|
|m_axi_empty_28_BID            |   in|    1|       m_axi|                   gmem|       pointer|
|m_axi_empty_28_BUSER          |   in|    1|       m_axi|                   gmem|       pointer|
|empty_29                      |   in|   64|     ap_none|               empty_29|        scalar|
|empty_29_ap_vld               |   in|    1|     ap_none|               empty_29|        scalar|
|empty                         |  out|    8|      ap_vld|                  empty|       pointer|
|empty_ap_vld                  |  out|    1|      ap_vld|                  empty|       pointer|
|p_ZL9n_regions_0_out          |  out|    8|      ap_vld|   p_ZL9n_regions_0_out|       pointer|
|p_ZL9n_regions_0_out_ap_vld   |  out|    1|      ap_vld|   p_ZL9n_regions_0_out|       pointer|
|p_ZL9n_regions_1_out          |  out|    8|      ap_vld|   p_ZL9n_regions_1_out|       pointer|
|p_ZL9n_regions_1_out_ap_vld   |  out|    1|      ap_vld|   p_ZL9n_regions_1_out|       pointer|
|p_ZL9n_regions_10_out         |  out|    8|      ap_vld|  p_ZL9n_regions_10_out|       pointer|
|p_ZL9n_regions_10_out_ap_vld  |  out|    1|      ap_vld|  p_ZL9n_regions_10_out|       pointer|
|p_ZL9n_regions_11_out         |  out|    8|      ap_vld|  p_ZL9n_regions_11_out|       pointer|
|p_ZL9n_regions_11_out_ap_vld  |  out|    1|      ap_vld|  p_ZL9n_regions_11_out|       pointer|
|p_ZL9n_regions_12_out         |  out|    8|      ap_vld|  p_ZL9n_regions_12_out|       pointer|
|p_ZL9n_regions_12_out_ap_vld  |  out|    1|      ap_vld|  p_ZL9n_regions_12_out|       pointer|
|p_ZL9n_regions_13_out         |  out|    8|      ap_vld|  p_ZL9n_regions_13_out|       pointer|
|p_ZL9n_regions_13_out_ap_vld  |  out|    1|      ap_vld|  p_ZL9n_regions_13_out|       pointer|
|p_ZL9n_regions_14_out         |  out|    8|      ap_vld|  p_ZL9n_regions_14_out|       pointer|
|p_ZL9n_regions_14_out_ap_vld  |  out|    1|      ap_vld|  p_ZL9n_regions_14_out|       pointer|
|p_ZL9n_regions_15_out         |  out|    8|      ap_vld|  p_ZL9n_regions_15_out|       pointer|
|p_ZL9n_regions_15_out_ap_vld  |  out|    1|      ap_vld|  p_ZL9n_regions_15_out|       pointer|
|p_ZL9n_regions_16_out         |  out|    8|      ap_vld|  p_ZL9n_regions_16_out|       pointer|
|p_ZL9n_regions_16_out_ap_vld  |  out|    1|      ap_vld|  p_ZL9n_regions_16_out|       pointer|
|p_ZL9n_regions_17_out         |  out|    8|      ap_vld|  p_ZL9n_regions_17_out|       pointer|
|p_ZL9n_regions_17_out_ap_vld  |  out|    1|      ap_vld|  p_ZL9n_regions_17_out|       pointer|
|p_ZL9n_regions_18_out         |  out|    8|      ap_vld|  p_ZL9n_regions_18_out|       pointer|
|p_ZL9n_regions_18_out_ap_vld  |  out|    1|      ap_vld|  p_ZL9n_regions_18_out|       pointer|
|p_ZL9n_regions_19_out         |  out|    8|      ap_vld|  p_ZL9n_regions_19_out|       pointer|
|p_ZL9n_regions_19_out_ap_vld  |  out|    1|      ap_vld|  p_ZL9n_regions_19_out|       pointer|
|p_ZL9n_regions_2_out          |  out|    8|      ap_vld|   p_ZL9n_regions_2_out|       pointer|
|p_ZL9n_regions_2_out_ap_vld   |  out|    1|      ap_vld|   p_ZL9n_regions_2_out|       pointer|
|p_ZL9n_regions_20_out         |  out|    8|      ap_vld|  p_ZL9n_regions_20_out|       pointer|
|p_ZL9n_regions_20_out_ap_vld  |  out|    1|      ap_vld|  p_ZL9n_regions_20_out|       pointer|
|p_ZL9n_regions_21_out         |  out|    8|      ap_vld|  p_ZL9n_regions_21_out|       pointer|
|p_ZL9n_regions_21_out_ap_vld  |  out|    1|      ap_vld|  p_ZL9n_regions_21_out|       pointer|
|p_ZL9n_regions_22_out         |  out|    8|      ap_vld|  p_ZL9n_regions_22_out|       pointer|
|p_ZL9n_regions_22_out_ap_vld  |  out|    1|      ap_vld|  p_ZL9n_regions_22_out|       pointer|
|p_ZL9n_regions_23_out         |  out|    8|      ap_vld|  p_ZL9n_regions_23_out|       pointer|
|p_ZL9n_regions_23_out_ap_vld  |  out|    1|      ap_vld|  p_ZL9n_regions_23_out|       pointer|
|p_ZL9n_regions_24_out         |  out|    8|      ap_vld|  p_ZL9n_regions_24_out|       pointer|
|p_ZL9n_regions_24_out_ap_vld  |  out|    1|      ap_vld|  p_ZL9n_regions_24_out|       pointer|
|p_ZL9n_regions_25_out         |  out|    8|      ap_vld|  p_ZL9n_regions_25_out|       pointer|
|p_ZL9n_regions_25_out_ap_vld  |  out|    1|      ap_vld|  p_ZL9n_regions_25_out|       pointer|
|p_ZL9n_regions_26_out         |  out|    8|      ap_vld|  p_ZL9n_regions_26_out|       pointer|
|p_ZL9n_regions_26_out_ap_vld  |  out|    1|      ap_vld|  p_ZL9n_regions_26_out|       pointer|
|p_ZL9n_regions_27_out         |  out|    8|      ap_vld|  p_ZL9n_regions_27_out|       pointer|
|p_ZL9n_regions_27_out_ap_vld  |  out|    1|      ap_vld|  p_ZL9n_regions_27_out|       pointer|
|p_ZL9n_regions_28_out         |  out|    8|      ap_vld|  p_ZL9n_regions_28_out|       pointer|
|p_ZL9n_regions_28_out_ap_vld  |  out|    1|      ap_vld|  p_ZL9n_regions_28_out|       pointer|
|p_ZL9n_regions_29_out         |  out|    8|      ap_vld|  p_ZL9n_regions_29_out|       pointer|
|p_ZL9n_regions_29_out_ap_vld  |  out|    1|      ap_vld|  p_ZL9n_regions_29_out|       pointer|
|p_ZL9n_regions_3_out          |  out|    8|      ap_vld|   p_ZL9n_regions_3_out|       pointer|
|p_ZL9n_regions_3_out_ap_vld   |  out|    1|      ap_vld|   p_ZL9n_regions_3_out|       pointer|
|p_ZL9n_regions_30_out         |  out|    8|      ap_vld|  p_ZL9n_regions_30_out|       pointer|
|p_ZL9n_regions_30_out_ap_vld  |  out|    1|      ap_vld|  p_ZL9n_regions_30_out|       pointer|
|p_ZL9n_regions_31_out         |  out|    8|      ap_vld|  p_ZL9n_regions_31_out|       pointer|
|p_ZL9n_regions_31_out_ap_vld  |  out|    1|      ap_vld|  p_ZL9n_regions_31_out|       pointer|
|p_ZL9n_regions_32_out         |  out|    8|      ap_vld|  p_ZL9n_regions_32_out|       pointer|
|p_ZL9n_regions_32_out_ap_vld  |  out|    1|      ap_vld|  p_ZL9n_regions_32_out|       pointer|
|p_ZL9n_regions_33_out         |  out|    8|      ap_vld|  p_ZL9n_regions_33_out|       pointer|
|p_ZL9n_regions_33_out_ap_vld  |  out|    1|      ap_vld|  p_ZL9n_regions_33_out|       pointer|
|p_ZL9n_regions_34_out         |  out|    8|      ap_vld|  p_ZL9n_regions_34_out|       pointer|
|p_ZL9n_regions_34_out_ap_vld  |  out|    1|      ap_vld|  p_ZL9n_regions_34_out|       pointer|
|p_ZL9n_regions_35_out         |  out|    8|      ap_vld|  p_ZL9n_regions_35_out|       pointer|
|p_ZL9n_regions_35_out_ap_vld  |  out|    1|      ap_vld|  p_ZL9n_regions_35_out|       pointer|
|p_ZL9n_regions_36_out         |  out|    8|      ap_vld|  p_ZL9n_regions_36_out|       pointer|
|p_ZL9n_regions_36_out_ap_vld  |  out|    1|      ap_vld|  p_ZL9n_regions_36_out|       pointer|
|p_ZL9n_regions_37_out         |  out|    8|      ap_vld|  p_ZL9n_regions_37_out|       pointer|
|p_ZL9n_regions_37_out_ap_vld  |  out|    1|      ap_vld|  p_ZL9n_regions_37_out|       pointer|
|p_ZL9n_regions_38_out         |  out|    8|      ap_vld|  p_ZL9n_regions_38_out|       pointer|
|p_ZL9n_regions_38_out_ap_vld  |  out|    1|      ap_vld|  p_ZL9n_regions_38_out|       pointer|
|p_ZL9n_regions_39_out         |  out|    8|      ap_vld|  p_ZL9n_regions_39_out|       pointer|
|p_ZL9n_regions_39_out_ap_vld  |  out|    1|      ap_vld|  p_ZL9n_regions_39_out|       pointer|
|p_ZL9n_regions_4_out          |  out|    8|      ap_vld|   p_ZL9n_regions_4_out|       pointer|
|p_ZL9n_regions_4_out_ap_vld   |  out|    1|      ap_vld|   p_ZL9n_regions_4_out|       pointer|
|p_ZL9n_regions_40_out         |  out|    8|      ap_vld|  p_ZL9n_regions_40_out|       pointer|
|p_ZL9n_regions_40_out_ap_vld  |  out|    1|      ap_vld|  p_ZL9n_regions_40_out|       pointer|
|p_ZL9n_regions_41_out         |  out|    8|      ap_vld|  p_ZL9n_regions_41_out|       pointer|
|p_ZL9n_regions_41_out_ap_vld  |  out|    1|      ap_vld|  p_ZL9n_regions_41_out|       pointer|
|p_ZL9n_regions_42_out         |  out|    8|      ap_vld|  p_ZL9n_regions_42_out|       pointer|
|p_ZL9n_regions_42_out_ap_vld  |  out|    1|      ap_vld|  p_ZL9n_regions_42_out|       pointer|
|p_ZL9n_regions_43_out         |  out|    8|      ap_vld|  p_ZL9n_regions_43_out|       pointer|
|p_ZL9n_regions_43_out_ap_vld  |  out|    1|      ap_vld|  p_ZL9n_regions_43_out|       pointer|
|p_ZL9n_regions_44_out         |  out|    8|      ap_vld|  p_ZL9n_regions_44_out|       pointer|
|p_ZL9n_regions_44_out_ap_vld  |  out|    1|      ap_vld|  p_ZL9n_regions_44_out|       pointer|
|p_ZL9n_regions_45_out         |  out|    8|      ap_vld|  p_ZL9n_regions_45_out|       pointer|
|p_ZL9n_regions_45_out_ap_vld  |  out|    1|      ap_vld|  p_ZL9n_regions_45_out|       pointer|
|p_ZL9n_regions_46_out         |  out|    8|      ap_vld|  p_ZL9n_regions_46_out|       pointer|
|p_ZL9n_regions_46_out_ap_vld  |  out|    1|      ap_vld|  p_ZL9n_regions_46_out|       pointer|
|p_ZL9n_regions_47_out         |  out|    8|      ap_vld|  p_ZL9n_regions_47_out|       pointer|
|p_ZL9n_regions_47_out_ap_vld  |  out|    1|      ap_vld|  p_ZL9n_regions_47_out|       pointer|
|p_ZL9n_regions_48_out         |  out|    8|      ap_vld|  p_ZL9n_regions_48_out|       pointer|
|p_ZL9n_regions_48_out_ap_vld  |  out|    1|      ap_vld|  p_ZL9n_regions_48_out|       pointer|
|p_ZL9n_regions_49_out         |  out|    8|      ap_vld|  p_ZL9n_regions_49_out|       pointer|
|p_ZL9n_regions_49_out_ap_vld  |  out|    1|      ap_vld|  p_ZL9n_regions_49_out|       pointer|
|p_ZL9n_regions_5_out          |  out|    8|      ap_vld|   p_ZL9n_regions_5_out|       pointer|
|p_ZL9n_regions_5_out_ap_vld   |  out|    1|      ap_vld|   p_ZL9n_regions_5_out|       pointer|
|p_ZL9n_regions_50_out         |  out|    8|      ap_vld|  p_ZL9n_regions_50_out|       pointer|
|p_ZL9n_regions_50_out_ap_vld  |  out|    1|      ap_vld|  p_ZL9n_regions_50_out|       pointer|
|p_ZL9n_regions_51_out         |  out|    8|      ap_vld|  p_ZL9n_regions_51_out|       pointer|
|p_ZL9n_regions_51_out_ap_vld  |  out|    1|      ap_vld|  p_ZL9n_regions_51_out|       pointer|
|p_ZL9n_regions_52_out         |  out|    8|      ap_vld|  p_ZL9n_regions_52_out|       pointer|
|p_ZL9n_regions_52_out_ap_vld  |  out|    1|      ap_vld|  p_ZL9n_regions_52_out|       pointer|
|p_ZL9n_regions_53_out         |  out|    8|      ap_vld|  p_ZL9n_regions_53_out|       pointer|
|p_ZL9n_regions_53_out_ap_vld  |  out|    1|      ap_vld|  p_ZL9n_regions_53_out|       pointer|
|p_ZL9n_regions_54_out         |  out|    8|      ap_vld|  p_ZL9n_regions_54_out|       pointer|
|p_ZL9n_regions_54_out_ap_vld  |  out|    1|      ap_vld|  p_ZL9n_regions_54_out|       pointer|
|p_ZL9n_regions_55_out         |  out|    8|      ap_vld|  p_ZL9n_regions_55_out|       pointer|
|p_ZL9n_regions_55_out_ap_vld  |  out|    1|      ap_vld|  p_ZL9n_regions_55_out|       pointer|
|p_ZL9n_regions_56_out         |  out|    8|      ap_vld|  p_ZL9n_regions_56_out|       pointer|
|p_ZL9n_regions_56_out_ap_vld  |  out|    1|      ap_vld|  p_ZL9n_regions_56_out|       pointer|
|p_ZL9n_regions_57_out         |  out|    8|      ap_vld|  p_ZL9n_regions_57_out|       pointer|
|p_ZL9n_regions_57_out_ap_vld  |  out|    1|      ap_vld|  p_ZL9n_regions_57_out|       pointer|
|p_ZL9n_regions_58_out         |  out|    8|      ap_vld|  p_ZL9n_regions_58_out|       pointer|
|p_ZL9n_regions_58_out_ap_vld  |  out|    1|      ap_vld|  p_ZL9n_regions_58_out|       pointer|
|p_ZL9n_regions_59_out         |  out|    8|      ap_vld|  p_ZL9n_regions_59_out|       pointer|
|p_ZL9n_regions_59_out_ap_vld  |  out|    1|      ap_vld|  p_ZL9n_regions_59_out|       pointer|
|p_ZL9n_regions_6_out          |  out|    8|      ap_vld|   p_ZL9n_regions_6_out|       pointer|
|p_ZL9n_regions_6_out_ap_vld   |  out|    1|      ap_vld|   p_ZL9n_regions_6_out|       pointer|
|p_ZL9n_regions_60_out         |  out|    8|      ap_vld|  p_ZL9n_regions_60_out|       pointer|
|p_ZL9n_regions_60_out_ap_vld  |  out|    1|      ap_vld|  p_ZL9n_regions_60_out|       pointer|
|p_ZL9n_regions_61_out         |  out|    8|      ap_vld|  p_ZL9n_regions_61_out|       pointer|
|p_ZL9n_regions_61_out_ap_vld  |  out|    1|      ap_vld|  p_ZL9n_regions_61_out|       pointer|
|p_ZL9n_regions_62_out         |  out|    8|      ap_vld|  p_ZL9n_regions_62_out|       pointer|
|p_ZL9n_regions_62_out_ap_vld  |  out|    1|      ap_vld|  p_ZL9n_regions_62_out|       pointer|
|p_ZL9n_regions_63_out         |  out|    8|      ap_vld|  p_ZL9n_regions_63_out|       pointer|
|p_ZL9n_regions_63_out_ap_vld  |  out|    1|      ap_vld|  p_ZL9n_regions_63_out|       pointer|
|p_ZL9n_regions_7_out          |  out|    8|      ap_vld|   p_ZL9n_regions_7_out|       pointer|
|p_ZL9n_regions_7_out_ap_vld   |  out|    1|      ap_vld|   p_ZL9n_regions_7_out|       pointer|
|p_ZL9n_regions_8_out          |  out|    8|      ap_vld|   p_ZL9n_regions_8_out|       pointer|
|p_ZL9n_regions_8_out_ap_vld   |  out|    1|      ap_vld|   p_ZL9n_regions_8_out|       pointer|
|p_ZL9n_regions_9_out          |  out|    8|      ap_vld|   p_ZL9n_regions_9_out|       pointer|
|p_ZL9n_regions_9_out_ap_vld   |  out|    1|      ap_vld|   p_ZL9n_regions_9_out|       pointer|
|p_ZL9n_regions_9              |   in|    8|     ap_none|       p_ZL9n_regions_9|       pointer|
|p_ZL9n_regions_9_ap_vld       |   in|    1|     ap_none|       p_ZL9n_regions_9|       pointer|
|p_ZL9n_regions_8              |   in|    8|     ap_none|       p_ZL9n_regions_8|       pointer|
|p_ZL9n_regions_8_ap_vld       |   in|    1|     ap_none|       p_ZL9n_regions_8|       pointer|
|p_ZL9n_regions_7              |   in|    8|     ap_none|       p_ZL9n_regions_7|       pointer|
|p_ZL9n_regions_7_ap_vld       |   in|    1|     ap_none|       p_ZL9n_regions_7|       pointer|
|p_ZL9n_regions_63             |   in|    8|     ap_none|      p_ZL9n_regions_63|       pointer|
|p_ZL9n_regions_63_ap_vld      |   in|    1|     ap_none|      p_ZL9n_regions_63|       pointer|
|p_ZL9n_regions_62             |   in|    8|     ap_none|      p_ZL9n_regions_62|       pointer|
|p_ZL9n_regions_62_ap_vld      |   in|    1|     ap_none|      p_ZL9n_regions_62|       pointer|
|p_ZL9n_regions_61             |   in|    8|     ap_none|      p_ZL9n_regions_61|       pointer|
|p_ZL9n_regions_61_ap_vld      |   in|    1|     ap_none|      p_ZL9n_regions_61|       pointer|
|p_ZL9n_regions_60             |   in|    8|     ap_none|      p_ZL9n_regions_60|       pointer|
|p_ZL9n_regions_60_ap_vld      |   in|    1|     ap_none|      p_ZL9n_regions_60|       pointer|
|p_ZL9n_regions_6              |   in|    8|     ap_none|       p_ZL9n_regions_6|       pointer|
|p_ZL9n_regions_6_ap_vld       |   in|    1|     ap_none|       p_ZL9n_regions_6|       pointer|
|p_ZL9n_regions_59             |   in|    8|     ap_none|      p_ZL9n_regions_59|       pointer|
|p_ZL9n_regions_59_ap_vld      |   in|    1|     ap_none|      p_ZL9n_regions_59|       pointer|
|p_ZL9n_regions_58             |   in|    8|     ap_none|      p_ZL9n_regions_58|       pointer|
|p_ZL9n_regions_58_ap_vld      |   in|    1|     ap_none|      p_ZL9n_regions_58|       pointer|
|p_ZL9n_regions_57             |   in|    8|     ap_none|      p_ZL9n_regions_57|       pointer|
|p_ZL9n_regions_57_ap_vld      |   in|    1|     ap_none|      p_ZL9n_regions_57|       pointer|
|p_ZL9n_regions_56             |   in|    8|     ap_none|      p_ZL9n_regions_56|       pointer|
|p_ZL9n_regions_56_ap_vld      |   in|    1|     ap_none|      p_ZL9n_regions_56|       pointer|
|p_ZL9n_regions_55             |   in|    8|     ap_none|      p_ZL9n_regions_55|       pointer|
|p_ZL9n_regions_55_ap_vld      |   in|    1|     ap_none|      p_ZL9n_regions_55|       pointer|
|p_ZL9n_regions_54             |   in|    8|     ap_none|      p_ZL9n_regions_54|       pointer|
|p_ZL9n_regions_54_ap_vld      |   in|    1|     ap_none|      p_ZL9n_regions_54|       pointer|
|p_ZL9n_regions_53             |   in|    8|     ap_none|      p_ZL9n_regions_53|       pointer|
|p_ZL9n_regions_53_ap_vld      |   in|    1|     ap_none|      p_ZL9n_regions_53|       pointer|
|p_ZL9n_regions_52             |   in|    8|     ap_none|      p_ZL9n_regions_52|       pointer|
|p_ZL9n_regions_52_ap_vld      |   in|    1|     ap_none|      p_ZL9n_regions_52|       pointer|
|p_ZL9n_regions_51             |   in|    8|     ap_none|      p_ZL9n_regions_51|       pointer|
|p_ZL9n_regions_51_ap_vld      |   in|    1|     ap_none|      p_ZL9n_regions_51|       pointer|
|p_ZL9n_regions_50             |   in|    8|     ap_none|      p_ZL9n_regions_50|       pointer|
|p_ZL9n_regions_50_ap_vld      |   in|    1|     ap_none|      p_ZL9n_regions_50|       pointer|
|p_ZL9n_regions_5              |   in|    8|     ap_none|       p_ZL9n_regions_5|       pointer|
|p_ZL9n_regions_5_ap_vld       |   in|    1|     ap_none|       p_ZL9n_regions_5|       pointer|
|p_ZL9n_regions_49             |   in|    8|     ap_none|      p_ZL9n_regions_49|       pointer|
|p_ZL9n_regions_49_ap_vld      |   in|    1|     ap_none|      p_ZL9n_regions_49|       pointer|
|p_ZL9n_regions_48             |   in|    8|     ap_none|      p_ZL9n_regions_48|       pointer|
|p_ZL9n_regions_48_ap_vld      |   in|    1|     ap_none|      p_ZL9n_regions_48|       pointer|
|p_ZL9n_regions_47             |   in|    8|     ap_none|      p_ZL9n_regions_47|       pointer|
|p_ZL9n_regions_47_ap_vld      |   in|    1|     ap_none|      p_ZL9n_regions_47|       pointer|
|p_ZL9n_regions_46             |   in|    8|     ap_none|      p_ZL9n_regions_46|       pointer|
|p_ZL9n_regions_46_ap_vld      |   in|    1|     ap_none|      p_ZL9n_regions_46|       pointer|
|p_ZL9n_regions_45             |   in|    8|     ap_none|      p_ZL9n_regions_45|       pointer|
|p_ZL9n_regions_45_ap_vld      |   in|    1|     ap_none|      p_ZL9n_regions_45|       pointer|
|p_ZL9n_regions_44             |   in|    8|     ap_none|      p_ZL9n_regions_44|       pointer|
|p_ZL9n_regions_44_ap_vld      |   in|    1|     ap_none|      p_ZL9n_regions_44|       pointer|
|p_ZL9n_regions_43             |   in|    8|     ap_none|      p_ZL9n_regions_43|       pointer|
|p_ZL9n_regions_43_ap_vld      |   in|    1|     ap_none|      p_ZL9n_regions_43|       pointer|
|p_ZL9n_regions_42             |   in|    8|     ap_none|      p_ZL9n_regions_42|       pointer|
|p_ZL9n_regions_42_ap_vld      |   in|    1|     ap_none|      p_ZL9n_regions_42|       pointer|
|p_ZL9n_regions_41             |   in|    8|     ap_none|      p_ZL9n_regions_41|       pointer|
|p_ZL9n_regions_41_ap_vld      |   in|    1|     ap_none|      p_ZL9n_regions_41|       pointer|
|p_ZL9n_regions_40             |   in|    8|     ap_none|      p_ZL9n_regions_40|       pointer|
|p_ZL9n_regions_40_ap_vld      |   in|    1|     ap_none|      p_ZL9n_regions_40|       pointer|
|p_ZL9n_regions_4              |   in|    8|     ap_none|       p_ZL9n_regions_4|       pointer|
|p_ZL9n_regions_4_ap_vld       |   in|    1|     ap_none|       p_ZL9n_regions_4|       pointer|
|p_ZL9n_regions_39             |   in|    8|     ap_none|      p_ZL9n_regions_39|       pointer|
|p_ZL9n_regions_39_ap_vld      |   in|    1|     ap_none|      p_ZL9n_regions_39|       pointer|
|p_ZL9n_regions_38             |   in|    8|     ap_none|      p_ZL9n_regions_38|       pointer|
|p_ZL9n_regions_38_ap_vld      |   in|    1|     ap_none|      p_ZL9n_regions_38|       pointer|
|p_ZL9n_regions_37             |   in|    8|     ap_none|      p_ZL9n_regions_37|       pointer|
|p_ZL9n_regions_37_ap_vld      |   in|    1|     ap_none|      p_ZL9n_regions_37|       pointer|
|p_ZL9n_regions_36             |   in|    8|     ap_none|      p_ZL9n_regions_36|       pointer|
|p_ZL9n_regions_36_ap_vld      |   in|    1|     ap_none|      p_ZL9n_regions_36|       pointer|
|p_ZL9n_regions_35             |   in|    8|     ap_none|      p_ZL9n_regions_35|       pointer|
|p_ZL9n_regions_35_ap_vld      |   in|    1|     ap_none|      p_ZL9n_regions_35|       pointer|
|p_ZL9n_regions_34             |   in|    8|     ap_none|      p_ZL9n_regions_34|       pointer|
|p_ZL9n_regions_34_ap_vld      |   in|    1|     ap_none|      p_ZL9n_regions_34|       pointer|
|p_ZL9n_regions_33             |   in|    8|     ap_none|      p_ZL9n_regions_33|       pointer|
|p_ZL9n_regions_33_ap_vld      |   in|    1|     ap_none|      p_ZL9n_regions_33|       pointer|
|p_ZL9n_regions_32             |   in|    8|     ap_none|      p_ZL9n_regions_32|       pointer|
|p_ZL9n_regions_32_ap_vld      |   in|    1|     ap_none|      p_ZL9n_regions_32|       pointer|
|p_ZL9n_regions_31             |   in|    8|     ap_none|      p_ZL9n_regions_31|       pointer|
|p_ZL9n_regions_31_ap_vld      |   in|    1|     ap_none|      p_ZL9n_regions_31|       pointer|
|p_ZL9n_regions_30             |   in|    8|     ap_none|      p_ZL9n_regions_30|       pointer|
|p_ZL9n_regions_30_ap_vld      |   in|    1|     ap_none|      p_ZL9n_regions_30|       pointer|
|p_ZL9n_regions_3              |   in|    8|     ap_none|       p_ZL9n_regions_3|       pointer|
|p_ZL9n_regions_3_ap_vld       |   in|    1|     ap_none|       p_ZL9n_regions_3|       pointer|
|p_ZL9n_regions_29             |   in|    8|     ap_none|      p_ZL9n_regions_29|       pointer|
|p_ZL9n_regions_29_ap_vld      |   in|    1|     ap_none|      p_ZL9n_regions_29|       pointer|
|p_ZL9n_regions_28             |   in|    8|     ap_none|      p_ZL9n_regions_28|       pointer|
|p_ZL9n_regions_28_ap_vld      |   in|    1|     ap_none|      p_ZL9n_regions_28|       pointer|
|p_ZL9n_regions_27             |   in|    8|     ap_none|      p_ZL9n_regions_27|       pointer|
|p_ZL9n_regions_27_ap_vld      |   in|    1|     ap_none|      p_ZL9n_regions_27|       pointer|
|p_ZL9n_regions_26             |   in|    8|     ap_none|      p_ZL9n_regions_26|       pointer|
|p_ZL9n_regions_26_ap_vld      |   in|    1|     ap_none|      p_ZL9n_regions_26|       pointer|
|p_ZL9n_regions_25             |   in|    8|     ap_none|      p_ZL9n_regions_25|       pointer|
|p_ZL9n_regions_25_ap_vld      |   in|    1|     ap_none|      p_ZL9n_regions_25|       pointer|
|p_ZL9n_regions_24             |   in|    8|     ap_none|      p_ZL9n_regions_24|       pointer|
|p_ZL9n_regions_24_ap_vld      |   in|    1|     ap_none|      p_ZL9n_regions_24|       pointer|
|p_ZL9n_regions_23             |   in|    8|     ap_none|      p_ZL9n_regions_23|       pointer|
|p_ZL9n_regions_23_ap_vld      |   in|    1|     ap_none|      p_ZL9n_regions_23|       pointer|
|p_ZL9n_regions_22             |   in|    8|     ap_none|      p_ZL9n_regions_22|       pointer|
|p_ZL9n_regions_22_ap_vld      |   in|    1|     ap_none|      p_ZL9n_regions_22|       pointer|
|p_ZL9n_regions_21             |   in|    8|     ap_none|      p_ZL9n_regions_21|       pointer|
|p_ZL9n_regions_21_ap_vld      |   in|    1|     ap_none|      p_ZL9n_regions_21|       pointer|
|p_ZL9n_regions_20             |   in|    8|     ap_none|      p_ZL9n_regions_20|       pointer|
|p_ZL9n_regions_20_ap_vld      |   in|    1|     ap_none|      p_ZL9n_regions_20|       pointer|
|p_ZL9n_regions_2              |   in|    8|     ap_none|       p_ZL9n_regions_2|       pointer|
|p_ZL9n_regions_2_ap_vld       |   in|    1|     ap_none|       p_ZL9n_regions_2|       pointer|
|p_ZL9n_regions_19             |   in|    8|     ap_none|      p_ZL9n_regions_19|       pointer|
|p_ZL9n_regions_19_ap_vld      |   in|    1|     ap_none|      p_ZL9n_regions_19|       pointer|
|p_ZL9n_regions_18             |   in|    8|     ap_none|      p_ZL9n_regions_18|       pointer|
|p_ZL9n_regions_18_ap_vld      |   in|    1|     ap_none|      p_ZL9n_regions_18|       pointer|
|p_ZL9n_regions_17             |   in|    8|     ap_none|      p_ZL9n_regions_17|       pointer|
|p_ZL9n_regions_17_ap_vld      |   in|    1|     ap_none|      p_ZL9n_regions_17|       pointer|
|p_ZL9n_regions_16             |   in|    8|     ap_none|      p_ZL9n_regions_16|       pointer|
|p_ZL9n_regions_16_ap_vld      |   in|    1|     ap_none|      p_ZL9n_regions_16|       pointer|
|p_ZL9n_regions_15             |   in|    8|     ap_none|      p_ZL9n_regions_15|       pointer|
|p_ZL9n_regions_15_ap_vld      |   in|    1|     ap_none|      p_ZL9n_regions_15|       pointer|
|p_ZL9n_regions_14             |   in|    8|     ap_none|      p_ZL9n_regions_14|       pointer|
|p_ZL9n_regions_14_ap_vld      |   in|    1|     ap_none|      p_ZL9n_regions_14|       pointer|
|p_ZL9n_regions_13             |   in|    8|     ap_none|      p_ZL9n_regions_13|       pointer|
|p_ZL9n_regions_13_ap_vld      |   in|    1|     ap_none|      p_ZL9n_regions_13|       pointer|
|p_ZL9n_regions_12             |   in|    8|     ap_none|      p_ZL9n_regions_12|       pointer|
|p_ZL9n_regions_12_ap_vld      |   in|    1|     ap_none|      p_ZL9n_regions_12|       pointer|
|p_ZL9n_regions_11             |   in|    8|     ap_none|      p_ZL9n_regions_11|       pointer|
|p_ZL9n_regions_11_ap_vld      |   in|    1|     ap_none|      p_ZL9n_regions_11|       pointer|
|p_ZL9n_regions_10             |   in|    8|     ap_none|      p_ZL9n_regions_10|       pointer|
|p_ZL9n_regions_10_ap_vld      |   in|    1|     ap_none|      p_ZL9n_regions_10|       pointer|
|p_ZL9n_regions_1              |   in|    8|     ap_none|       p_ZL9n_regions_1|       pointer|
|p_ZL9n_regions_1_ap_vld       |   in|    1|     ap_none|       p_ZL9n_regions_1|       pointer|
|p_ZL9n_regions_0              |   in|    8|     ap_none|       p_ZL9n_regions_0|       pointer|
|p_ZL9n_regions_0_ap_vld       |   in|    1|     ap_none|       p_ZL9n_regions_0|       pointer|
|regions_5_address0            |  out|   12|   ap_memory|              regions_5|         array|
|regions_5_ce0                 |  out|    1|   ap_memory|              regions_5|         array|
|regions_5_d0                  |  out|   32|   ap_memory|              regions_5|         array|
|regions_5_q0                  |   in|   32|   ap_memory|              regions_5|         array|
|regions_5_we0                 |  out|    1|   ap_memory|              regions_5|         array|
|regions_5_address1            |  out|   12|   ap_memory|              regions_5|         array|
|regions_5_ce1                 |  out|    1|   ap_memory|              regions_5|         array|
|regions_5_d1                  |  out|   32|   ap_memory|              regions_5|         array|
|regions_5_q1                  |   in|   32|   ap_memory|              regions_5|         array|
|regions_5_we1                 |  out|    1|   ap_memory|              regions_5|         array|
|regions_6_address0            |  out|   12|   ap_memory|              regions_6|         array|
|regions_6_ce0                 |  out|    1|   ap_memory|              regions_6|         array|
|regions_6_d0                  |  out|   32|   ap_memory|              regions_6|         array|
|regions_6_q0                  |   in|   32|   ap_memory|              regions_6|         array|
|regions_6_we0                 |  out|    1|   ap_memory|              regions_6|         array|
|regions_6_address1            |  out|   12|   ap_memory|              regions_6|         array|
|regions_6_ce1                 |  out|    1|   ap_memory|              regions_6|         array|
|regions_6_d1                  |  out|   32|   ap_memory|              regions_6|         array|
|regions_6_q1                  |   in|   32|   ap_memory|              regions_6|         array|
|regions_6_we1                 |  out|    1|   ap_memory|              regions_6|         array|
|regions_address0              |  out|   12|   ap_memory|                regions|         array|
|regions_ce0                   |  out|    1|   ap_memory|                regions|         array|
|regions_d0                    |  out|   32|   ap_memory|                regions|         array|
|regions_q0                    |   in|   32|   ap_memory|                regions|         array|
|regions_we0                   |  out|    1|   ap_memory|                regions|         array|
|regions_address1              |  out|   12|   ap_memory|                regions|         array|
|regions_ce1                   |  out|    1|   ap_memory|                regions|         array|
|regions_d1                    |  out|   32|   ap_memory|                regions|         array|
|regions_q1                    |   in|   32|   ap_memory|                regions|         array|
|regions_we1                   |  out|    1|   ap_memory|                regions|         array|
|regions_2_address0            |  out|   12|   ap_memory|              regions_2|         array|
|regions_2_ce0                 |  out|    1|   ap_memory|              regions_2|         array|
|regions_2_d0                  |  out|   32|   ap_memory|              regions_2|         array|
|regions_2_q0                  |   in|   32|   ap_memory|              regions_2|         array|
|regions_2_we0                 |  out|    1|   ap_memory|              regions_2|         array|
|regions_2_address1            |  out|   12|   ap_memory|              regions_2|         array|
|regions_2_ce1                 |  out|    1|   ap_memory|              regions_2|         array|
|regions_2_d1                  |  out|   32|   ap_memory|              regions_2|         array|
|regions_2_q1                  |   in|   32|   ap_memory|              regions_2|         array|
|regions_2_we1                 |  out|    1|   ap_memory|              regions_2|         array|
|regions_3_address0            |  out|   12|   ap_memory|              regions_3|         array|
|regions_3_ce0                 |  out|    1|   ap_memory|              regions_3|         array|
|regions_3_d0                  |  out|   32|   ap_memory|              regions_3|         array|
|regions_3_q0                  |   in|   32|   ap_memory|              regions_3|         array|
|regions_3_we0                 |  out|    1|   ap_memory|              regions_3|         array|
|regions_3_address1            |  out|   12|   ap_memory|              regions_3|         array|
|regions_3_ce1                 |  out|    1|   ap_memory|              regions_3|         array|
|regions_3_d1                  |  out|   32|   ap_memory|              regions_3|         array|
|regions_3_q1                  |   in|   32|   ap_memory|              regions_3|         array|
|regions_3_we1                 |  out|    1|   ap_memory|              regions_3|         array|
|regions_4_address0            |  out|   12|   ap_memory|              regions_4|         array|
|regions_4_ce0                 |  out|    1|   ap_memory|              regions_4|         array|
|regions_4_d0                  |  out|   32|   ap_memory|              regions_4|         array|
|regions_4_q0                  |   in|   32|   ap_memory|              regions_4|         array|
|regions_4_we0                 |  out|    1|   ap_memory|              regions_4|         array|
|regions_4_address1            |  out|   12|   ap_memory|              regions_4|         array|
|regions_4_ce1                 |  out|    1|   ap_memory|              regions_4|         array|
|regions_4_d1                  |  out|   32|   ap_memory|              regions_4|         array|
|regions_4_q1                  |   in|   32|   ap_memory|              regions_4|         array|
|regions_4_we1                 |  out|    1|   ap_memory|              regions_4|         array|
|ap_clk                        |   in|    1|  ap_ctrl_hs|               runTrain|  return value|
|ap_rst                        |   in|    1|  ap_ctrl_hs|               runTrain|  return value|
|ap_start                      |   in|    1|  ap_ctrl_hs|               runTrain|  return value|
|ap_done                       |  out|    1|  ap_ctrl_hs|               runTrain|  return value|
|ap_ready                      |  out|    1|  ap_ctrl_hs|               runTrain|  return value|
|ap_idle                       |  out|    1|  ap_ctrl_hs|               runTrain|  return value|
|ap_continue                   |   in|    1|  ap_ctrl_hs|               runTrain|  return value|
+------------------------------+-----+-----+------------+-----------------------+--------------+

