

================================================================
== Vitis HLS Report for 'runTestAfterInit'
================================================================
* Date:           Tue Sep 27 19:10:04 2022

* Version:        2022.1 (Build 3526262 on Mon Apr 18 15:47:01 MDT 2022)
* Project:        detector_solid
* Solution:       solution2 (Vitis Kernel Flow Target)
* Product family: zynq
* Target device:  xc7z020-clg484-1


================================================================
== Performance Estimates
================================================================
+ Timing: 
    * Summary: 
    +--------+----------+-----------+------------+
    |  Clock |  Target  | Estimated | Uncertainty|
    +--------+----------+-----------+------------+
    |ap_clk  |  20.00 ns|  14.031 ns|     5.40 ns|
    +--------+----------+-----------+------------+

+ Latency: 
    * Summary: 
    +---------+---------+----------+----------+-----+-----+----------+
    |  Latency (cycles) |  Latency (absolute) |  Interval | Pipeline |
    |   min   |   max   |    min   |    max   | min | max |   Type   |
    +---------+---------+----------+----------+-----+-----+----------+
    |       33|      114|  0.660 us|  2.280 us|   21|   92|  dataflow|
    +---------+---------+----------+----------+-----+-----+----------+

    + Detail: 
        * Instance: 
        +------------------------------------------+---------------------------------------+---------+---------+-----------+-----------+-----+-----+---------+
        |                                          |                                       |  Latency (cycles) |   Latency (absolute)  |  Interval | Pipeline|
        |                 Instance                 |                 Module                |   min   |   max   |    min    |    max    | min | max |   Type  |
        +------------------------------------------+---------------------------------------+---------+---------+-----------+-----------+-----+-----+---------+
        |read_test_U0                              |read_test                              |       20|       20|   0.400 us|   0.400 us|   20|   20|       no|
        |runTestAfterInit_Block_entry1012_proc_U0  |runTestAfterInit_Block_entry1012_proc  |        1|        1|  20.000 ns|  20.000 ns|    1|    1|       no|
        |run_test_U0                               |run_test                               |        4|       91|  80.000 ns|   1.820 us|    4|   91|       no|
        |writeOutcome_U0                           |writeOutcome                           |       10|       14|   0.200 us|   0.280 us|   10|   14|       no|
        +------------------------------------------+---------------------------------------+---------+---------+-----------+-----------+-----+-----+---------+

        * Loop: 
        N/A



================================================================
== Utilization Estimates
================================================================
* Summary: 
+-----------------+---------+-----+--------+-------+-----+
|       Name      | BRAM_18K| DSP |   FF   |  LUT  | URAM|
+-----------------+---------+-----+--------+-------+-----+
|DSP              |        -|    -|       -|      -|    -|
|Expression       |        -|    -|       0|     82|    -|
|FIFO             |        -|    -|    2376|   1632|    -|
|Instance         |        0|   56|   24069|  16213|    0|
|Memory           |        -|    -|       -|      -|    -|
|Multiplexer      |        -|    -|       -|    162|    -|
|Register         |        -|    -|      18|      -|    -|
+-----------------+---------+-----+--------+-------+-----+
|Total            |        0|   56|   26463|  18089|    0|
+-----------------+---------+-----+--------+-------+-----+
|Available        |      280|  220|  106400|  53200|    0|
+-----------------+---------+-----+--------+-------+-----+
|Utilization (%)  |        0|   25|      24|     34|    0|
+-----------------+---------+-----+--------+-------+-----+

+ Detail: 
    * Instance: 
    +------------------------------------------+---------------------------------------+---------+----+-------+-------+-----+
    |                 Instance                 |                 Module                | BRAM_18K| DSP|   FF  |  LUT  | URAM|
    +------------------------------------------+---------------------------------------+---------+----+-------+-------+-----+
    |read_test_U0                              |read_test                              |        0|   0|    562|    198|    0|
    |runTestAfterInit_Block_entry1012_proc_U0  |runTestAfterInit_Block_entry1012_proc  |        0|   0|     39|     61|    0|
    |run_test_U0                               |run_test                               |        0|  56|  22940|  15674|    0|
    |writeOutcome_U0                           |writeOutcome                           |        0|   0|    528|    280|    0|
    +------------------------------------------+---------------------------------------+---------+----+-------+-------+-----+
    |Total                                     |                                       |        0|  56|  24069|  16213|    0|
    +------------------------------------------+---------------------------------------+---------+----+-------+-------+-----+

    * DSP: 
    N/A

    * Memory: 
    N/A

    * FIFO: 
    +-----------------------------------+---------+----+----+-----+------+-----+---------+
    |                Name               | BRAM_18K| FF | LUT| URAM| Depth| Bits| Size:D*B|
    +-----------------------------------+---------+----+----+-----+------+-----+---------+
    |checkId_V_U                        |        0|  99|   0|    -|     4|    8|       32|
    |data_1_c22_channel_U               |        0|  99|   0|    -|     3|   32|       96|
    |data_1_c_U                         |        0|  99|   0|    -|     2|   32|       64|
    |data_2_c23_channel_U               |        0|  99|   0|    -|     3|   32|       96|
    |data_2_c_U                         |        0|  99|   0|    -|     2|   32|       64|
    |data_3_c24_channel_U               |        0|  99|   0|    -|     3|   32|       96|
    |data_3_c_U                         |        0|  99|   0|    -|     2|   32|       64|
    |data_4_c25_channel_U               |        0|  99|   0|    -|     3|   32|       96|
    |data_4_c_U                         |        0|  99|   0|    -|     2|   32|       64|
    |data_5_c26_channel_U               |        0|  99|   0|    -|     3|   32|       96|
    |data_5_c_U                         |        0|  99|   0|    -|     2|   32|       64|
    |data_6_c27_channel_U               |        0|  99|   0|    -|     3|   32|       96|
    |data_6_c_U                         |        0|  99|   0|    -|     2|   32|       64|
    |data_7_c28_channel_U               |        0|  99|   0|    -|     3|   32|       96|
    |data_7_c_U                         |        0|  99|   0|    -|     2|   32|       64|
    |data_c21_channel_U                 |        0|  99|   0|    -|     3|   32|       96|
    |data_c_U                           |        0|  99|   0|    -|     2|   32|       64|
    |error_U                            |        0|  99|   0|    -|     2|    1|        2|
    |n_regions_V_load_loc_channel_U     |        0|  99|   0|    -|     2|    8|       16|
    |taskId_V_U                         |        0|  99|   0|    -|     2|    8|       16|
    |taskId_V_load_cast5_loc_channel_U  |        0|  99|   0|    -|     3|    4|       12|
    |taskId_V_load_cast_loc_channel_U   |        0|  99|   0|    -|     2|    6|       12|
    |taskId_V_load_loc_channel_U        |        0|  99|   0|    -|     3|    8|       24|
    |uniId_V_U                          |        0|  99|   0|    -|     4|   16|       64|
    +-----------------------------------+---------+----+----+-----+------+-----+---------+
    |Total                              |        0|2376|   0|    0|    62|  571|     1458|
    +-----------------------------------+---------+----+----+-----+------+-----+---------+

    * Expression: 
    +-----------------------------------------------------------+----------+----+---+----+------------+------------+
    |                       Variable Name                       | Operation| DSP| FF| LUT| Bitwidth P0| Bitwidth P1|
    +-----------------------------------------------------------+----------+----+---+----+------------+------------+
    |ap_channel_done_checkId_V                                  |       and|   0|  0|   2|           1|           1|
    |ap_channel_done_data_1_c22_channel                         |       and|   0|  0|   2|           1|           1|
    |ap_channel_done_data_2_c23_channel                         |       and|   0|  0|   2|           1|           1|
    |ap_channel_done_data_3_c24_channel                         |       and|   0|  0|   2|           1|           1|
    |ap_channel_done_data_4_c25_channel                         |       and|   0|  0|   2|           1|           1|
    |ap_channel_done_data_5_c26_channel                         |       and|   0|  0|   2|           1|           1|
    |ap_channel_done_data_6_c27_channel                         |       and|   0|  0|   2|           1|           1|
    |ap_channel_done_data_7_c28_channel                         |       and|   0|  0|   2|           1|           1|
    |ap_channel_done_data_c21_channel                           |       and|   0|  0|   2|           1|           1|
    |ap_channel_done_n_regions_V_load_loc_channel               |       and|   0|  0|   2|           1|           1|
    |ap_channel_done_taskId_V                                   |       and|   0|  0|   2|           1|           1|
    |ap_channel_done_taskId_V_load_cast5_loc_channel            |       and|   0|  0|   2|           1|           1|
    |ap_channel_done_taskId_V_load_cast_loc_channel             |       and|   0|  0|   2|           1|           1|
    |ap_channel_done_taskId_V_load_loc_channel                  |       and|   0|  0|   2|           1|           1|
    |ap_channel_done_uniId_V                                    |       and|   0|  0|   2|           1|           1|
    |ap_idle                                                    |       and|   0|  0|   2|           1|           1|
    |ap_sync_ready                                              |       and|   0|  0|   2|           1|           1|
    |read_test_U0_ap_continue                                   |       and|   0|  0|   2|           1|           1|
    |read_test_U0_ap_start                                      |       and|   0|  0|   2|           1|           1|
    |runTestAfterInit_Block_entry1012_proc_U0_ap_continue       |       and|   0|  0|   2|           1|           1|
    |runTestAfterInit_Block_entry1012_proc_U0_ap_start          |       and|   0|  0|   2|           1|           1|
    |run_test_U0_ap_start                                       |       and|   0|  0|   2|           1|           1|
    |writeOutcome_U0_ap_start                                   |       and|   0|  0|   2|           1|           1|
    |ap_sync_channel_write_checkId_V                            |        or|   0|  0|   2|           1|           1|
    |ap_sync_channel_write_data_1_c22_channel                   |        or|   0|  0|   2|           1|           1|
    |ap_sync_channel_write_data_2_c23_channel                   |        or|   0|  0|   2|           1|           1|
    |ap_sync_channel_write_data_3_c24_channel                   |        or|   0|  0|   2|           1|           1|
    |ap_sync_channel_write_data_4_c25_channel                   |        or|   0|  0|   2|           1|           1|
    |ap_sync_channel_write_data_5_c26_channel                   |        or|   0|  0|   2|           1|           1|
    |ap_sync_channel_write_data_6_c27_channel                   |        or|   0|  0|   2|           1|           1|
    |ap_sync_channel_write_data_7_c28_channel                   |        or|   0|  0|   2|           1|           1|
    |ap_sync_channel_write_data_c21_channel                     |        or|   0|  0|   2|           1|           1|
    |ap_sync_channel_write_n_regions_V_load_loc_channel         |        or|   0|  0|   2|           1|           1|
    |ap_sync_channel_write_taskId_V                             |        or|   0|  0|   2|           1|           1|
    |ap_sync_channel_write_taskId_V_load_cast5_loc_channel      |        or|   0|  0|   2|           1|           1|
    |ap_sync_channel_write_taskId_V_load_cast_loc_channel       |        or|   0|  0|   2|           1|           1|
    |ap_sync_channel_write_taskId_V_load_loc_channel            |        or|   0|  0|   2|           1|           1|
    |ap_sync_channel_write_uniId_V                              |        or|   0|  0|   2|           1|           1|
    |ap_sync_read_test_U0_ap_ready                              |        or|   0|  0|   2|           1|           1|
    |ap_sync_runTestAfterInit_Block_entry1012_proc_U0_ap_ready  |        or|   0|  0|   2|           1|           1|
    |ap_sync_run_test_U0_ap_ready                               |        or|   0|  0|   2|           1|           1|
    +-----------------------------------------------------------+----------+----+---+----+------------+------------+
    |Total                                                      |          |   0|  0|  82|          41|          41|
    +-----------------------------------------------------------+----------+----+---+----+------------+------------+

    * Multiplexer: 
    +---------------------------------------------------------------+----+-----------+-----+-----------+
    |                              Name                             | LUT| Input Size| Bits| Total Bits|
    +---------------------------------------------------------------+----+-----------+-----+-----------+
    |ap_sync_reg_channel_write_checkId_V                            |   9|          2|    1|          2|
    |ap_sync_reg_channel_write_data_1_c22_channel                   |   9|          2|    1|          2|
    |ap_sync_reg_channel_write_data_2_c23_channel                   |   9|          2|    1|          2|
    |ap_sync_reg_channel_write_data_3_c24_channel                   |   9|          2|    1|          2|
    |ap_sync_reg_channel_write_data_4_c25_channel                   |   9|          2|    1|          2|
    |ap_sync_reg_channel_write_data_5_c26_channel                   |   9|          2|    1|          2|
    |ap_sync_reg_channel_write_data_6_c27_channel                   |   9|          2|    1|          2|
    |ap_sync_reg_channel_write_data_7_c28_channel                   |   9|          2|    1|          2|
    |ap_sync_reg_channel_write_data_c21_channel                     |   9|          2|    1|          2|
    |ap_sync_reg_channel_write_n_regions_V_load_loc_channel         |   9|          2|    1|          2|
    |ap_sync_reg_channel_write_taskId_V                             |   9|          2|    1|          2|
    |ap_sync_reg_channel_write_taskId_V_load_cast5_loc_channel      |   9|          2|    1|          2|
    |ap_sync_reg_channel_write_taskId_V_load_cast_loc_channel       |   9|          2|    1|          2|
    |ap_sync_reg_channel_write_taskId_V_load_loc_channel            |   9|          2|    1|          2|
    |ap_sync_reg_channel_write_uniId_V                              |   9|          2|    1|          2|
    |ap_sync_reg_read_test_U0_ap_ready                              |   9|          2|    1|          2|
    |ap_sync_reg_runTestAfterInit_Block_entry1012_proc_U0_ap_ready  |   9|          2|    1|          2|
    |ap_sync_reg_run_test_U0_ap_ready                               |   9|          2|    1|          2|
    +---------------------------------------------------------------+----+-----------+-----+-----------+
    |Total                                                          | 162|         36|   18|         36|
    +---------------------------------------------------------------+----+-----------+-----+-----------+

    * Register: 
    +---------------------------------------------------------------+---+----+-----+-----------+
    |                              Name                             | FF| LUT| Bits| Const Bits|
    +---------------------------------------------------------------+---+----+-----+-----------+
    |ap_sync_reg_channel_write_checkId_V                            |  1|   0|    1|          0|
    |ap_sync_reg_channel_write_data_1_c22_channel                   |  1|   0|    1|          0|
    |ap_sync_reg_channel_write_data_2_c23_channel                   |  1|   0|    1|          0|
    |ap_sync_reg_channel_write_data_3_c24_channel                   |  1|   0|    1|          0|
    |ap_sync_reg_channel_write_data_4_c25_channel                   |  1|   0|    1|          0|
    |ap_sync_reg_channel_write_data_5_c26_channel                   |  1|   0|    1|          0|
    |ap_sync_reg_channel_write_data_6_c27_channel                   |  1|   0|    1|          0|
    |ap_sync_reg_channel_write_data_7_c28_channel                   |  1|   0|    1|          0|
    |ap_sync_reg_channel_write_data_c21_channel                     |  1|   0|    1|          0|
    |ap_sync_reg_channel_write_n_regions_V_load_loc_channel         |  1|   0|    1|          0|
    |ap_sync_reg_channel_write_taskId_V                             |  1|   0|    1|          0|
    |ap_sync_reg_channel_write_taskId_V_load_cast5_loc_channel      |  1|   0|    1|          0|
    |ap_sync_reg_channel_write_taskId_V_load_cast_loc_channel       |  1|   0|    1|          0|
    |ap_sync_reg_channel_write_taskId_V_load_loc_channel            |  1|   0|    1|          0|
    |ap_sync_reg_channel_write_uniId_V                              |  1|   0|    1|          0|
    |ap_sync_reg_read_test_U0_ap_ready                              |  1|   0|    1|          0|
    |ap_sync_reg_runTestAfterInit_Block_entry1012_proc_U0_ap_ready  |  1|   0|    1|          0|
    |ap_sync_reg_run_test_U0_ap_ready                               |  1|   0|    1|          0|
    +---------------------------------------------------------------+---+----+-----+-----------+
    |Total                                                          | 18|   0|   18|          0|
    +---------------------------------------------------------------+---+----+-----+-----------+



================================================================
== Interface
================================================================
* Summary: 
+-----------------------+-----+-----+------------+------------------+--------------+
|       RTL Ports       | Dir | Bits|  Protocol  |   Source Object  |    C Type    |
+-----------------------+-----+-----+------------+------------------+--------------+
|testStream_TDATA       |   in|  288|        axis|        testStream|       pointer|
|testStream_TVALID      |   in|    1|        axis|        testStream|       pointer|
|testStream_TREADY      |  out|    1|        axis|        testStream|       pointer|
|outcomeInRam_address0  |  out|    4|   ap_memory|      outcomeInRam|         array|
|outcomeInRam_ce0       |  out|    1|   ap_memory|      outcomeInRam|         array|
|outcomeInRam_d0        |  out|  288|   ap_memory|      outcomeInRam|         array|
|outcomeInRam_q0        |   in|  288|   ap_memory|      outcomeInRam|         array|
|outcomeInRam_we0       |  out|   36|   ap_memory|      outcomeInRam|         array|
|toScheduler_TDATA      |  out|    8|        axis|       toScheduler|       pointer|
|toScheduler_TVALID     |  out|    1|        axis|       toScheduler|       pointer|
|toScheduler_TREADY     |   in|    1|        axis|       toScheduler|       pointer|
|errorInTask_address0   |  out|    4|   ap_memory|       errorInTask|         array|
|errorInTask_ce0        |  out|    1|   ap_memory|       errorInTask|         array|
|errorInTask_d0         |  out|    1|   ap_memory|       errorInTask|         array|
|errorInTask_q0         |   in|    1|   ap_memory|       errorInTask|         array|
|errorInTask_we0        |  out|    1|   ap_memory|       errorInTask|         array|
|n_regions_V_address0   |  out|    6|   ap_memory|       n_regions_V|         array|
|n_regions_V_ce0        |  out|    1|   ap_memory|       n_regions_V|         array|
|n_regions_V_d0         |  out|    8|   ap_memory|       n_regions_V|         array|
|n_regions_V_q0         |   in|    8|   ap_memory|       n_regions_V|         array|
|n_regions_V_we0        |  out|    1|   ap_memory|       n_regions_V|         array|
|n_regions_V_address1   |  out|    6|   ap_memory|       n_regions_V|         array|
|n_regions_V_ce1        |  out|    1|   ap_memory|       n_regions_V|         array|
|n_regions_V_d1         |  out|    8|   ap_memory|       n_regions_V|         array|
|n_regions_V_q1         |   in|    8|   ap_memory|       n_regions_V|         array|
|n_regions_V_we1        |  out|    1|   ap_memory|       n_regions_V|         array|
|regions_address0       |  out|    9|   ap_memory|           regions|         array|
|regions_ce0            |  out|    1|   ap_memory|           regions|         array|
|regions_d0             |  out|   32|   ap_memory|           regions|         array|
|regions_q0             |   in|   32|   ap_memory|           regions|         array|
|regions_we0            |  out|    1|   ap_memory|           regions|         array|
|regions_address1       |  out|    9|   ap_memory|           regions|         array|
|regions_ce1            |  out|    1|   ap_memory|           regions|         array|
|regions_d1             |  out|   32|   ap_memory|           regions|         array|
|regions_q1             |   in|   32|   ap_memory|           regions|         array|
|regions_we1            |  out|    1|   ap_memory|           regions|         array|
|regions_1_address0     |  out|    9|   ap_memory|         regions_1|         array|
|regions_1_ce0          |  out|    1|   ap_memory|         regions_1|         array|
|regions_1_d0           |  out|   32|   ap_memory|         regions_1|         array|
|regions_1_q0           |   in|   32|   ap_memory|         regions_1|         array|
|regions_1_we0          |  out|    1|   ap_memory|         regions_1|         array|
|regions_1_address1     |  out|    9|   ap_memory|         regions_1|         array|
|regions_1_ce1          |  out|    1|   ap_memory|         regions_1|         array|
|regions_1_d1           |  out|   32|   ap_memory|         regions_1|         array|
|regions_1_q1           |   in|   32|   ap_memory|         regions_1|         array|
|regions_1_we1          |  out|    1|   ap_memory|         regions_1|         array|
|regions_2_address0     |  out|    9|   ap_memory|         regions_2|         array|
|regions_2_ce0          |  out|    1|   ap_memory|         regions_2|         array|
|regions_2_d0           |  out|   32|   ap_memory|         regions_2|         array|
|regions_2_q0           |   in|   32|   ap_memory|         regions_2|         array|
|regions_2_we0          |  out|    1|   ap_memory|         regions_2|         array|
|regions_2_address1     |  out|    9|   ap_memory|         regions_2|         array|
|regions_2_ce1          |  out|    1|   ap_memory|         regions_2|         array|
|regions_2_d1           |  out|   32|   ap_memory|         regions_2|         array|
|regions_2_q1           |   in|   32|   ap_memory|         regions_2|         array|
|regions_2_we1          |  out|    1|   ap_memory|         regions_2|         array|
|regions_3_address0     |  out|    9|   ap_memory|         regions_3|         array|
|regions_3_ce0          |  out|    1|   ap_memory|         regions_3|         array|
|regions_3_d0           |  out|   32|   ap_memory|         regions_3|         array|
|regions_3_q0           |   in|   32|   ap_memory|         regions_3|         array|
|regions_3_we0          |  out|    1|   ap_memory|         regions_3|         array|
|regions_3_address1     |  out|    9|   ap_memory|         regions_3|         array|
|regions_3_ce1          |  out|    1|   ap_memory|         regions_3|         array|
|regions_3_d1           |  out|   32|   ap_memory|         regions_3|         array|
|regions_3_q1           |   in|   32|   ap_memory|         regions_3|         array|
|regions_3_we1          |  out|    1|   ap_memory|         regions_3|         array|
|regions_4_address0     |  out|    9|   ap_memory|         regions_4|         array|
|regions_4_ce0          |  out|    1|   ap_memory|         regions_4|         array|
|regions_4_d0           |  out|   32|   ap_memory|         regions_4|         array|
|regions_4_q0           |   in|   32|   ap_memory|         regions_4|         array|
|regions_4_we0          |  out|    1|   ap_memory|         regions_4|         array|
|regions_4_address1     |  out|    9|   ap_memory|         regions_4|         array|
|regions_4_ce1          |  out|    1|   ap_memory|         regions_4|         array|
|regions_4_d1           |  out|   32|   ap_memory|         regions_4|         array|
|regions_4_q1           |   in|   32|   ap_memory|         regions_4|         array|
|regions_4_we1          |  out|    1|   ap_memory|         regions_4|         array|
|regions_5_address0     |  out|    9|   ap_memory|         regions_5|         array|
|regions_5_ce0          |  out|    1|   ap_memory|         regions_5|         array|
|regions_5_d0           |  out|   32|   ap_memory|         regions_5|         array|
|regions_5_q0           |   in|   32|   ap_memory|         regions_5|         array|
|regions_5_we0          |  out|    1|   ap_memory|         regions_5|         array|
|regions_5_address1     |  out|    9|   ap_memory|         regions_5|         array|
|regions_5_ce1          |  out|    1|   ap_memory|         regions_5|         array|
|regions_5_d1           |  out|   32|   ap_memory|         regions_5|         array|
|regions_5_q1           |   in|   32|   ap_memory|         regions_5|         array|
|regions_5_we1          |  out|    1|   ap_memory|         regions_5|         array|
|regions_6_address0     |  out|    9|   ap_memory|         regions_6|         array|
|regions_6_ce0          |  out|    1|   ap_memory|         regions_6|         array|
|regions_6_d0           |  out|   32|   ap_memory|         regions_6|         array|
|regions_6_q0           |   in|   32|   ap_memory|         regions_6|         array|
|regions_6_we0          |  out|    1|   ap_memory|         regions_6|         array|
|regions_6_address1     |  out|    9|   ap_memory|         regions_6|         array|
|regions_6_ce1          |  out|    1|   ap_memory|         regions_6|         array|
|regions_6_d1           |  out|   32|   ap_memory|         regions_6|         array|
|regions_6_q1           |   in|   32|   ap_memory|         regions_6|         array|
|regions_6_we1          |  out|    1|   ap_memory|         regions_6|         array|
|regions_7_address0     |  out|    9|   ap_memory|         regions_7|         array|
|regions_7_ce0          |  out|    1|   ap_memory|         regions_7|         array|
|regions_7_d0           |  out|   32|   ap_memory|         regions_7|         array|
|regions_7_q0           |   in|   32|   ap_memory|         regions_7|         array|
|regions_7_we0          |  out|    1|   ap_memory|         regions_7|         array|
|regions_7_address1     |  out|    9|   ap_memory|         regions_7|         array|
|regions_7_ce1          |  out|    1|   ap_memory|         regions_7|         array|
|regions_7_d1           |  out|   32|   ap_memory|         regions_7|         array|
|regions_7_q1           |   in|   32|   ap_memory|         regions_7|         array|
|regions_7_we1          |  out|    1|   ap_memory|         regions_7|         array|
|regions_8_address0     |  out|    9|   ap_memory|         regions_8|         array|
|regions_8_ce0          |  out|    1|   ap_memory|         regions_8|         array|
|regions_8_d0           |  out|   32|   ap_memory|         regions_8|         array|
|regions_8_q0           |   in|   32|   ap_memory|         regions_8|         array|
|regions_8_we0          |  out|    1|   ap_memory|         regions_8|         array|
|regions_8_address1     |  out|    9|   ap_memory|         regions_8|         array|
|regions_8_ce1          |  out|    1|   ap_memory|         regions_8|         array|
|regions_8_d1           |  out|   32|   ap_memory|         regions_8|         array|
|regions_8_q1           |   in|   32|   ap_memory|         regions_8|         array|
|regions_8_we1          |  out|    1|   ap_memory|         regions_8|         array|
|regions_9_address0     |  out|    9|   ap_memory|         regions_9|         array|
|regions_9_ce0          |  out|    1|   ap_memory|         regions_9|         array|
|regions_9_d0           |  out|   32|   ap_memory|         regions_9|         array|
|regions_9_q0           |   in|   32|   ap_memory|         regions_9|         array|
|regions_9_we0          |  out|    1|   ap_memory|         regions_9|         array|
|regions_9_address1     |  out|    9|   ap_memory|         regions_9|         array|
|regions_9_ce1          |  out|    1|   ap_memory|         regions_9|         array|
|regions_9_d1           |  out|   32|   ap_memory|         regions_9|         array|
|regions_9_q1           |   in|   32|   ap_memory|         regions_9|         array|
|regions_9_we1          |  out|    1|   ap_memory|         regions_9|         array|
|regions_10_address0    |  out|    9|   ap_memory|        regions_10|         array|
|regions_10_ce0         |  out|    1|   ap_memory|        regions_10|         array|
|regions_10_d0          |  out|   32|   ap_memory|        regions_10|         array|
|regions_10_q0          |   in|   32|   ap_memory|        regions_10|         array|
|regions_10_we0         |  out|    1|   ap_memory|        regions_10|         array|
|regions_10_address1    |  out|    9|   ap_memory|        regions_10|         array|
|regions_10_ce1         |  out|    1|   ap_memory|        regions_10|         array|
|regions_10_d1          |  out|   32|   ap_memory|        regions_10|         array|
|regions_10_q1          |   in|   32|   ap_memory|        regions_10|         array|
|regions_10_we1         |  out|    1|   ap_memory|        regions_10|         array|
|regions_11_address0    |  out|    9|   ap_memory|        regions_11|         array|
|regions_11_ce0         |  out|    1|   ap_memory|        regions_11|         array|
|regions_11_d0          |  out|   32|   ap_memory|        regions_11|         array|
|regions_11_q0          |   in|   32|   ap_memory|        regions_11|         array|
|regions_11_we0         |  out|    1|   ap_memory|        regions_11|         array|
|regions_11_address1    |  out|    9|   ap_memory|        regions_11|         array|
|regions_11_ce1         |  out|    1|   ap_memory|        regions_11|         array|
|regions_11_d1          |  out|   32|   ap_memory|        regions_11|         array|
|regions_11_q1          |   in|   32|   ap_memory|        regions_11|         array|
|regions_11_we1         |  out|    1|   ap_memory|        regions_11|         array|
|regions_12_address0    |  out|    9|   ap_memory|        regions_12|         array|
|regions_12_ce0         |  out|    1|   ap_memory|        regions_12|         array|
|regions_12_d0          |  out|   32|   ap_memory|        regions_12|         array|
|regions_12_q0          |   in|   32|   ap_memory|        regions_12|         array|
|regions_12_we0         |  out|    1|   ap_memory|        regions_12|         array|
|regions_12_address1    |  out|    9|   ap_memory|        regions_12|         array|
|regions_12_ce1         |  out|    1|   ap_memory|        regions_12|         array|
|regions_12_d1          |  out|   32|   ap_memory|        regions_12|         array|
|regions_12_q1          |   in|   32|   ap_memory|        regions_12|         array|
|regions_12_we1         |  out|    1|   ap_memory|        regions_12|         array|
|regions_13_address0    |  out|    9|   ap_memory|        regions_13|         array|
|regions_13_ce0         |  out|    1|   ap_memory|        regions_13|         array|
|regions_13_d0          |  out|   32|   ap_memory|        regions_13|         array|
|regions_13_q0          |   in|   32|   ap_memory|        regions_13|         array|
|regions_13_we0         |  out|    1|   ap_memory|        regions_13|         array|
|regions_13_address1    |  out|    9|   ap_memory|        regions_13|         array|
|regions_13_ce1         |  out|    1|   ap_memory|        regions_13|         array|
|regions_13_d1          |  out|   32|   ap_memory|        regions_13|         array|
|regions_13_q1          |   in|   32|   ap_memory|        regions_13|         array|
|regions_13_we1         |  out|    1|   ap_memory|        regions_13|         array|
|regions_14_address0    |  out|    9|   ap_memory|        regions_14|         array|
|regions_14_ce0         |  out|    1|   ap_memory|        regions_14|         array|
|regions_14_d0          |  out|   32|   ap_memory|        regions_14|         array|
|regions_14_q0          |   in|   32|   ap_memory|        regions_14|         array|
|regions_14_we0         |  out|    1|   ap_memory|        regions_14|         array|
|regions_14_address1    |  out|    9|   ap_memory|        regions_14|         array|
|regions_14_ce1         |  out|    1|   ap_memory|        regions_14|         array|
|regions_14_d1          |  out|   32|   ap_memory|        regions_14|         array|
|regions_14_q1          |   in|   32|   ap_memory|        regions_14|         array|
|regions_14_we1         |  out|    1|   ap_memory|        regions_14|         array|
|regions_15_address0    |  out|    9|   ap_memory|        regions_15|         array|
|regions_15_ce0         |  out|    1|   ap_memory|        regions_15|         array|
|regions_15_d0          |  out|   32|   ap_memory|        regions_15|         array|
|regions_15_q0          |   in|   32|   ap_memory|        regions_15|         array|
|regions_15_we0         |  out|    1|   ap_memory|        regions_15|         array|
|regions_15_address1    |  out|    9|   ap_memory|        regions_15|         array|
|regions_15_ce1         |  out|    1|   ap_memory|        regions_15|         array|
|regions_15_d1          |  out|   32|   ap_memory|        regions_15|         array|
|regions_15_q1          |   in|   32|   ap_memory|        regions_15|         array|
|regions_15_we1         |  out|    1|   ap_memory|        regions_15|         array|
|regions_16_address0    |  out|    9|   ap_memory|        regions_16|         array|
|regions_16_ce0         |  out|    1|   ap_memory|        regions_16|         array|
|regions_16_d0          |  out|   32|   ap_memory|        regions_16|         array|
|regions_16_q0          |   in|   32|   ap_memory|        regions_16|         array|
|regions_16_we0         |  out|    1|   ap_memory|        regions_16|         array|
|regions_16_address1    |  out|    9|   ap_memory|        regions_16|         array|
|regions_16_ce1         |  out|    1|   ap_memory|        regions_16|         array|
|regions_16_d1          |  out|   32|   ap_memory|        regions_16|         array|
|regions_16_q1          |   in|   32|   ap_memory|        regions_16|         array|
|regions_16_we1         |  out|    1|   ap_memory|        regions_16|         array|
|regions_17_address0    |  out|    9|   ap_memory|        regions_17|         array|
|regions_17_ce0         |  out|    1|   ap_memory|        regions_17|         array|
|regions_17_d0          |  out|   32|   ap_memory|        regions_17|         array|
|regions_17_q0          |   in|   32|   ap_memory|        regions_17|         array|
|regions_17_we0         |  out|    1|   ap_memory|        regions_17|         array|
|regions_17_address1    |  out|    9|   ap_memory|        regions_17|         array|
|regions_17_ce1         |  out|    1|   ap_memory|        regions_17|         array|
|regions_17_d1          |  out|   32|   ap_memory|        regions_17|         array|
|regions_17_q1          |   in|   32|   ap_memory|        regions_17|         array|
|regions_17_we1         |  out|    1|   ap_memory|        regions_17|         array|
|regions_18_address0    |  out|    9|   ap_memory|        regions_18|         array|
|regions_18_ce0         |  out|    1|   ap_memory|        regions_18|         array|
|regions_18_d0          |  out|   32|   ap_memory|        regions_18|         array|
|regions_18_q0          |   in|   32|   ap_memory|        regions_18|         array|
|regions_18_we0         |  out|    1|   ap_memory|        regions_18|         array|
|regions_18_address1    |  out|    9|   ap_memory|        regions_18|         array|
|regions_18_ce1         |  out|    1|   ap_memory|        regions_18|         array|
|regions_18_d1          |  out|   32|   ap_memory|        regions_18|         array|
|regions_18_q1          |   in|   32|   ap_memory|        regions_18|         array|
|regions_18_we1         |  out|    1|   ap_memory|        regions_18|         array|
|regions_19_address0    |  out|    9|   ap_memory|        regions_19|         array|
|regions_19_ce0         |  out|    1|   ap_memory|        regions_19|         array|
|regions_19_d0          |  out|   32|   ap_memory|        regions_19|         array|
|regions_19_q0          |   in|   32|   ap_memory|        regions_19|         array|
|regions_19_we0         |  out|    1|   ap_memory|        regions_19|         array|
|regions_19_address1    |  out|    9|   ap_memory|        regions_19|         array|
|regions_19_ce1         |  out|    1|   ap_memory|        regions_19|         array|
|regions_19_d1          |  out|   32|   ap_memory|        regions_19|         array|
|regions_19_q1          |   in|   32|   ap_memory|        regions_19|         array|
|regions_19_we1         |  out|    1|   ap_memory|        regions_19|         array|
|regions_20_address0    |  out|    9|   ap_memory|        regions_20|         array|
|regions_20_ce0         |  out|    1|   ap_memory|        regions_20|         array|
|regions_20_d0          |  out|   32|   ap_memory|        regions_20|         array|
|regions_20_q0          |   in|   32|   ap_memory|        regions_20|         array|
|regions_20_we0         |  out|    1|   ap_memory|        regions_20|         array|
|regions_20_address1    |  out|    9|   ap_memory|        regions_20|         array|
|regions_20_ce1         |  out|    1|   ap_memory|        regions_20|         array|
|regions_20_d1          |  out|   32|   ap_memory|        regions_20|         array|
|regions_20_q1          |   in|   32|   ap_memory|        regions_20|         array|
|regions_20_we1         |  out|    1|   ap_memory|        regions_20|         array|
|regions_21_address0    |  out|    9|   ap_memory|        regions_21|         array|
|regions_21_ce0         |  out|    1|   ap_memory|        regions_21|         array|
|regions_21_d0          |  out|   32|   ap_memory|        regions_21|         array|
|regions_21_q0          |   in|   32|   ap_memory|        regions_21|         array|
|regions_21_we0         |  out|    1|   ap_memory|        regions_21|         array|
|regions_21_address1    |  out|    9|   ap_memory|        regions_21|         array|
|regions_21_ce1         |  out|    1|   ap_memory|        regions_21|         array|
|regions_21_d1          |  out|   32|   ap_memory|        regions_21|         array|
|regions_21_q1          |   in|   32|   ap_memory|        regions_21|         array|
|regions_21_we1         |  out|    1|   ap_memory|        regions_21|         array|
|regions_22_address0    |  out|    9|   ap_memory|        regions_22|         array|
|regions_22_ce0         |  out|    1|   ap_memory|        regions_22|         array|
|regions_22_d0          |  out|   32|   ap_memory|        regions_22|         array|
|regions_22_q0          |   in|   32|   ap_memory|        regions_22|         array|
|regions_22_we0         |  out|    1|   ap_memory|        regions_22|         array|
|regions_22_address1    |  out|    9|   ap_memory|        regions_22|         array|
|regions_22_ce1         |  out|    1|   ap_memory|        regions_22|         array|
|regions_22_d1          |  out|   32|   ap_memory|        regions_22|         array|
|regions_22_q1          |   in|   32|   ap_memory|        regions_22|         array|
|regions_22_we1         |  out|    1|   ap_memory|        regions_22|         array|
|regions_23_address0    |  out|    9|   ap_memory|        regions_23|         array|
|regions_23_ce0         |  out|    1|   ap_memory|        regions_23|         array|
|regions_23_d0          |  out|   32|   ap_memory|        regions_23|         array|
|regions_23_q0          |   in|   32|   ap_memory|        regions_23|         array|
|regions_23_we0         |  out|    1|   ap_memory|        regions_23|         array|
|regions_23_address1    |  out|    9|   ap_memory|        regions_23|         array|
|regions_23_ce1         |  out|    1|   ap_memory|        regions_23|         array|
|regions_23_d1          |  out|   32|   ap_memory|        regions_23|         array|
|regions_23_q1          |   in|   32|   ap_memory|        regions_23|         array|
|regions_23_we1         |  out|    1|   ap_memory|        regions_23|         array|
|regions_24_address0    |  out|    9|   ap_memory|        regions_24|         array|
|regions_24_ce0         |  out|    1|   ap_memory|        regions_24|         array|
|regions_24_d0          |  out|   32|   ap_memory|        regions_24|         array|
|regions_24_q0          |   in|   32|   ap_memory|        regions_24|         array|
|regions_24_we0         |  out|    1|   ap_memory|        regions_24|         array|
|regions_24_address1    |  out|    9|   ap_memory|        regions_24|         array|
|regions_24_ce1         |  out|    1|   ap_memory|        regions_24|         array|
|regions_24_d1          |  out|   32|   ap_memory|        regions_24|         array|
|regions_24_q1          |   in|   32|   ap_memory|        regions_24|         array|
|regions_24_we1         |  out|    1|   ap_memory|        regions_24|         array|
|regions_25_address0    |  out|    9|   ap_memory|        regions_25|         array|
|regions_25_ce0         |  out|    1|   ap_memory|        regions_25|         array|
|regions_25_d0          |  out|   32|   ap_memory|        regions_25|         array|
|regions_25_q0          |   in|   32|   ap_memory|        regions_25|         array|
|regions_25_we0         |  out|    1|   ap_memory|        regions_25|         array|
|regions_25_address1    |  out|    9|   ap_memory|        regions_25|         array|
|regions_25_ce1         |  out|    1|   ap_memory|        regions_25|         array|
|regions_25_d1          |  out|   32|   ap_memory|        regions_25|         array|
|regions_25_q1          |   in|   32|   ap_memory|        regions_25|         array|
|regions_25_we1         |  out|    1|   ap_memory|        regions_25|         array|
|regions_26_address0    |  out|    9|   ap_memory|        regions_26|         array|
|regions_26_ce0         |  out|    1|   ap_memory|        regions_26|         array|
|regions_26_d0          |  out|   32|   ap_memory|        regions_26|         array|
|regions_26_q0          |   in|   32|   ap_memory|        regions_26|         array|
|regions_26_we0         |  out|    1|   ap_memory|        regions_26|         array|
|regions_26_address1    |  out|    9|   ap_memory|        regions_26|         array|
|regions_26_ce1         |  out|    1|   ap_memory|        regions_26|         array|
|regions_26_d1          |  out|   32|   ap_memory|        regions_26|         array|
|regions_26_q1          |   in|   32|   ap_memory|        regions_26|         array|
|regions_26_we1         |  out|    1|   ap_memory|        regions_26|         array|
|regions_27_address0    |  out|    9|   ap_memory|        regions_27|         array|
|regions_27_ce0         |  out|    1|   ap_memory|        regions_27|         array|
|regions_27_d0          |  out|   32|   ap_memory|        regions_27|         array|
|regions_27_q0          |   in|   32|   ap_memory|        regions_27|         array|
|regions_27_we0         |  out|    1|   ap_memory|        regions_27|         array|
|regions_27_address1    |  out|    9|   ap_memory|        regions_27|         array|
|regions_27_ce1         |  out|    1|   ap_memory|        regions_27|         array|
|regions_27_d1          |  out|   32|   ap_memory|        regions_27|         array|
|regions_27_q1          |   in|   32|   ap_memory|        regions_27|         array|
|regions_27_we1         |  out|    1|   ap_memory|        regions_27|         array|
|regions_28_address0    |  out|    9|   ap_memory|        regions_28|         array|
|regions_28_ce0         |  out|    1|   ap_memory|        regions_28|         array|
|regions_28_d0          |  out|   32|   ap_memory|        regions_28|         array|
|regions_28_q0          |   in|   32|   ap_memory|        regions_28|         array|
|regions_28_we0         |  out|    1|   ap_memory|        regions_28|         array|
|regions_28_address1    |  out|    9|   ap_memory|        regions_28|         array|
|regions_28_ce1         |  out|    1|   ap_memory|        regions_28|         array|
|regions_28_d1          |  out|   32|   ap_memory|        regions_28|         array|
|regions_28_q1          |   in|   32|   ap_memory|        regions_28|         array|
|regions_28_we1         |  out|    1|   ap_memory|        regions_28|         array|
|regions_29_address0    |  out|    9|   ap_memory|        regions_29|         array|
|regions_29_ce0         |  out|    1|   ap_memory|        regions_29|         array|
|regions_29_d0          |  out|   32|   ap_memory|        regions_29|         array|
|regions_29_q0          |   in|   32|   ap_memory|        regions_29|         array|
|regions_29_we0         |  out|    1|   ap_memory|        regions_29|         array|
|regions_29_address1    |  out|    9|   ap_memory|        regions_29|         array|
|regions_29_ce1         |  out|    1|   ap_memory|        regions_29|         array|
|regions_29_d1          |  out|   32|   ap_memory|        regions_29|         array|
|regions_29_q1          |   in|   32|   ap_memory|        regions_29|         array|
|regions_29_we1         |  out|    1|   ap_memory|        regions_29|         array|
|regions_30_address0    |  out|    9|   ap_memory|        regions_30|         array|
|regions_30_ce0         |  out|    1|   ap_memory|        regions_30|         array|
|regions_30_d0          |  out|   32|   ap_memory|        regions_30|         array|
|regions_30_q0          |   in|   32|   ap_memory|        regions_30|         array|
|regions_30_we0         |  out|    1|   ap_memory|        regions_30|         array|
|regions_30_address1    |  out|    9|   ap_memory|        regions_30|         array|
|regions_30_ce1         |  out|    1|   ap_memory|        regions_30|         array|
|regions_30_d1          |  out|   32|   ap_memory|        regions_30|         array|
|regions_30_q1          |   in|   32|   ap_memory|        regions_30|         array|
|regions_30_we1         |  out|    1|   ap_memory|        regions_30|         array|
|regions_31_address0    |  out|    9|   ap_memory|        regions_31|         array|
|regions_31_ce0         |  out|    1|   ap_memory|        regions_31|         array|
|regions_31_d0          |  out|   32|   ap_memory|        regions_31|         array|
|regions_31_q0          |   in|   32|   ap_memory|        regions_31|         array|
|regions_31_we0         |  out|    1|   ap_memory|        regions_31|         array|
|regions_31_address1    |  out|    9|   ap_memory|        regions_31|         array|
|regions_31_ce1         |  out|    1|   ap_memory|        regions_31|         array|
|regions_31_d1          |  out|   32|   ap_memory|        regions_31|         array|
|regions_31_q1          |   in|   32|   ap_memory|        regions_31|         array|
|regions_31_we1         |  out|    1|   ap_memory|        regions_31|         array|
|regions_32_address0    |  out|    9|   ap_memory|        regions_32|         array|
|regions_32_ce0         |  out|    1|   ap_memory|        regions_32|         array|
|regions_32_d0          |  out|   32|   ap_memory|        regions_32|         array|
|regions_32_q0          |   in|   32|   ap_memory|        regions_32|         array|
|regions_32_we0         |  out|    1|   ap_memory|        regions_32|         array|
|regions_32_address1    |  out|    9|   ap_memory|        regions_32|         array|
|regions_32_ce1         |  out|    1|   ap_memory|        regions_32|         array|
|regions_32_d1          |  out|   32|   ap_memory|        regions_32|         array|
|regions_32_q1          |   in|   32|   ap_memory|        regions_32|         array|
|regions_32_we1         |  out|    1|   ap_memory|        regions_32|         array|
|regions_33_address0    |  out|    9|   ap_memory|        regions_33|         array|
|regions_33_ce0         |  out|    1|   ap_memory|        regions_33|         array|
|regions_33_d0          |  out|   32|   ap_memory|        regions_33|         array|
|regions_33_q0          |   in|   32|   ap_memory|        regions_33|         array|
|regions_33_we0         |  out|    1|   ap_memory|        regions_33|         array|
|regions_33_address1    |  out|    9|   ap_memory|        regions_33|         array|
|regions_33_ce1         |  out|    1|   ap_memory|        regions_33|         array|
|regions_33_d1          |  out|   32|   ap_memory|        regions_33|         array|
|regions_33_q1          |   in|   32|   ap_memory|        regions_33|         array|
|regions_33_we1         |  out|    1|   ap_memory|        regions_33|         array|
|regions_34_address0    |  out|    9|   ap_memory|        regions_34|         array|
|regions_34_ce0         |  out|    1|   ap_memory|        regions_34|         array|
|regions_34_d0          |  out|   32|   ap_memory|        regions_34|         array|
|regions_34_q0          |   in|   32|   ap_memory|        regions_34|         array|
|regions_34_we0         |  out|    1|   ap_memory|        regions_34|         array|
|regions_34_address1    |  out|    9|   ap_memory|        regions_34|         array|
|regions_34_ce1         |  out|    1|   ap_memory|        regions_34|         array|
|regions_34_d1          |  out|   32|   ap_memory|        regions_34|         array|
|regions_34_q1          |   in|   32|   ap_memory|        regions_34|         array|
|regions_34_we1         |  out|    1|   ap_memory|        regions_34|         array|
|regions_35_address0    |  out|    9|   ap_memory|        regions_35|         array|
|regions_35_ce0         |  out|    1|   ap_memory|        regions_35|         array|
|regions_35_d0          |  out|   32|   ap_memory|        regions_35|         array|
|regions_35_q0          |   in|   32|   ap_memory|        regions_35|         array|
|regions_35_we0         |  out|    1|   ap_memory|        regions_35|         array|
|regions_35_address1    |  out|    9|   ap_memory|        regions_35|         array|
|regions_35_ce1         |  out|    1|   ap_memory|        regions_35|         array|
|regions_35_d1          |  out|   32|   ap_memory|        regions_35|         array|
|regions_35_q1          |   in|   32|   ap_memory|        regions_35|         array|
|regions_35_we1         |  out|    1|   ap_memory|        regions_35|         array|
|regions_36_address0    |  out|    9|   ap_memory|        regions_36|         array|
|regions_36_ce0         |  out|    1|   ap_memory|        regions_36|         array|
|regions_36_d0          |  out|   32|   ap_memory|        regions_36|         array|
|regions_36_q0          |   in|   32|   ap_memory|        regions_36|         array|
|regions_36_we0         |  out|    1|   ap_memory|        regions_36|         array|
|regions_36_address1    |  out|    9|   ap_memory|        regions_36|         array|
|regions_36_ce1         |  out|    1|   ap_memory|        regions_36|         array|
|regions_36_d1          |  out|   32|   ap_memory|        regions_36|         array|
|regions_36_q1          |   in|   32|   ap_memory|        regions_36|         array|
|regions_36_we1         |  out|    1|   ap_memory|        regions_36|         array|
|regions_37_address0    |  out|    9|   ap_memory|        regions_37|         array|
|regions_37_ce0         |  out|    1|   ap_memory|        regions_37|         array|
|regions_37_d0          |  out|   32|   ap_memory|        regions_37|         array|
|regions_37_q0          |   in|   32|   ap_memory|        regions_37|         array|
|regions_37_we0         |  out|    1|   ap_memory|        regions_37|         array|
|regions_37_address1    |  out|    9|   ap_memory|        regions_37|         array|
|regions_37_ce1         |  out|    1|   ap_memory|        regions_37|         array|
|regions_37_d1          |  out|   32|   ap_memory|        regions_37|         array|
|regions_37_q1          |   in|   32|   ap_memory|        regions_37|         array|
|regions_37_we1         |  out|    1|   ap_memory|        regions_37|         array|
|regions_38_address0    |  out|    9|   ap_memory|        regions_38|         array|
|regions_38_ce0         |  out|    1|   ap_memory|        regions_38|         array|
|regions_38_d0          |  out|   32|   ap_memory|        regions_38|         array|
|regions_38_q0          |   in|   32|   ap_memory|        regions_38|         array|
|regions_38_we0         |  out|    1|   ap_memory|        regions_38|         array|
|regions_38_address1    |  out|    9|   ap_memory|        regions_38|         array|
|regions_38_ce1         |  out|    1|   ap_memory|        regions_38|         array|
|regions_38_d1          |  out|   32|   ap_memory|        regions_38|         array|
|regions_38_q1          |   in|   32|   ap_memory|        regions_38|         array|
|regions_38_we1         |  out|    1|   ap_memory|        regions_38|         array|
|regions_39_address0    |  out|    9|   ap_memory|        regions_39|         array|
|regions_39_ce0         |  out|    1|   ap_memory|        regions_39|         array|
|regions_39_d0          |  out|   32|   ap_memory|        regions_39|         array|
|regions_39_q0          |   in|   32|   ap_memory|        regions_39|         array|
|regions_39_we0         |  out|    1|   ap_memory|        regions_39|         array|
|regions_39_address1    |  out|    9|   ap_memory|        regions_39|         array|
|regions_39_ce1         |  out|    1|   ap_memory|        regions_39|         array|
|regions_39_d1          |  out|   32|   ap_memory|        regions_39|         array|
|regions_39_q1          |   in|   32|   ap_memory|        regions_39|         array|
|regions_39_we1         |  out|    1|   ap_memory|        regions_39|         array|
|regions_40_address0    |  out|    9|   ap_memory|        regions_40|         array|
|regions_40_ce0         |  out|    1|   ap_memory|        regions_40|         array|
|regions_40_d0          |  out|   32|   ap_memory|        regions_40|         array|
|regions_40_q0          |   in|   32|   ap_memory|        regions_40|         array|
|regions_40_we0         |  out|    1|   ap_memory|        regions_40|         array|
|regions_40_address1    |  out|    9|   ap_memory|        regions_40|         array|
|regions_40_ce1         |  out|    1|   ap_memory|        regions_40|         array|
|regions_40_d1          |  out|   32|   ap_memory|        regions_40|         array|
|regions_40_q1          |   in|   32|   ap_memory|        regions_40|         array|
|regions_40_we1         |  out|    1|   ap_memory|        regions_40|         array|
|regions_41_address0    |  out|    9|   ap_memory|        regions_41|         array|
|regions_41_ce0         |  out|    1|   ap_memory|        regions_41|         array|
|regions_41_d0          |  out|   32|   ap_memory|        regions_41|         array|
|regions_41_q0          |   in|   32|   ap_memory|        regions_41|         array|
|regions_41_we0         |  out|    1|   ap_memory|        regions_41|         array|
|regions_41_address1    |  out|    9|   ap_memory|        regions_41|         array|
|regions_41_ce1         |  out|    1|   ap_memory|        regions_41|         array|
|regions_41_d1          |  out|   32|   ap_memory|        regions_41|         array|
|regions_41_q1          |   in|   32|   ap_memory|        regions_41|         array|
|regions_41_we1         |  out|    1|   ap_memory|        regions_41|         array|
|regions_42_address0    |  out|    9|   ap_memory|        regions_42|         array|
|regions_42_ce0         |  out|    1|   ap_memory|        regions_42|         array|
|regions_42_d0          |  out|   32|   ap_memory|        regions_42|         array|
|regions_42_q0          |   in|   32|   ap_memory|        regions_42|         array|
|regions_42_we0         |  out|    1|   ap_memory|        regions_42|         array|
|regions_42_address1    |  out|    9|   ap_memory|        regions_42|         array|
|regions_42_ce1         |  out|    1|   ap_memory|        regions_42|         array|
|regions_42_d1          |  out|   32|   ap_memory|        regions_42|         array|
|regions_42_q1          |   in|   32|   ap_memory|        regions_42|         array|
|regions_42_we1         |  out|    1|   ap_memory|        regions_42|         array|
|regions_43_address0    |  out|    9|   ap_memory|        regions_43|         array|
|regions_43_ce0         |  out|    1|   ap_memory|        regions_43|         array|
|regions_43_d0          |  out|   32|   ap_memory|        regions_43|         array|
|regions_43_q0          |   in|   32|   ap_memory|        regions_43|         array|
|regions_43_we0         |  out|    1|   ap_memory|        regions_43|         array|
|regions_43_address1    |  out|    9|   ap_memory|        regions_43|         array|
|regions_43_ce1         |  out|    1|   ap_memory|        regions_43|         array|
|regions_43_d1          |  out|   32|   ap_memory|        regions_43|         array|
|regions_43_q1          |   in|   32|   ap_memory|        regions_43|         array|
|regions_43_we1         |  out|    1|   ap_memory|        regions_43|         array|
|regions_44_address0    |  out|    9|   ap_memory|        regions_44|         array|
|regions_44_ce0         |  out|    1|   ap_memory|        regions_44|         array|
|regions_44_d0          |  out|   32|   ap_memory|        regions_44|         array|
|regions_44_q0          |   in|   32|   ap_memory|        regions_44|         array|
|regions_44_we0         |  out|    1|   ap_memory|        regions_44|         array|
|regions_44_address1    |  out|    9|   ap_memory|        regions_44|         array|
|regions_44_ce1         |  out|    1|   ap_memory|        regions_44|         array|
|regions_44_d1          |  out|   32|   ap_memory|        regions_44|         array|
|regions_44_q1          |   in|   32|   ap_memory|        regions_44|         array|
|regions_44_we1         |  out|    1|   ap_memory|        regions_44|         array|
|regions_45_address0    |  out|    9|   ap_memory|        regions_45|         array|
|regions_45_ce0         |  out|    1|   ap_memory|        regions_45|         array|
|regions_45_d0          |  out|   32|   ap_memory|        regions_45|         array|
|regions_45_q0          |   in|   32|   ap_memory|        regions_45|         array|
|regions_45_we0         |  out|    1|   ap_memory|        regions_45|         array|
|regions_45_address1    |  out|    9|   ap_memory|        regions_45|         array|
|regions_45_ce1         |  out|    1|   ap_memory|        regions_45|         array|
|regions_45_d1          |  out|   32|   ap_memory|        regions_45|         array|
|regions_45_q1          |   in|   32|   ap_memory|        regions_45|         array|
|regions_45_we1         |  out|    1|   ap_memory|        regions_45|         array|
|regions_46_address0    |  out|    9|   ap_memory|        regions_46|         array|
|regions_46_ce0         |  out|    1|   ap_memory|        regions_46|         array|
|regions_46_d0          |  out|   32|   ap_memory|        regions_46|         array|
|regions_46_q0          |   in|   32|   ap_memory|        regions_46|         array|
|regions_46_we0         |  out|    1|   ap_memory|        regions_46|         array|
|regions_46_address1    |  out|    9|   ap_memory|        regions_46|         array|
|regions_46_ce1         |  out|    1|   ap_memory|        regions_46|         array|
|regions_46_d1          |  out|   32|   ap_memory|        regions_46|         array|
|regions_46_q1          |   in|   32|   ap_memory|        regions_46|         array|
|regions_46_we1         |  out|    1|   ap_memory|        regions_46|         array|
|regions_47_address0    |  out|    9|   ap_memory|        regions_47|         array|
|regions_47_ce0         |  out|    1|   ap_memory|        regions_47|         array|
|regions_47_d0          |  out|   32|   ap_memory|        regions_47|         array|
|regions_47_q0          |   in|   32|   ap_memory|        regions_47|         array|
|regions_47_we0         |  out|    1|   ap_memory|        regions_47|         array|
|regions_47_address1    |  out|    9|   ap_memory|        regions_47|         array|
|regions_47_ce1         |  out|    1|   ap_memory|        regions_47|         array|
|regions_47_d1          |  out|   32|   ap_memory|        regions_47|         array|
|regions_47_q1          |   in|   32|   ap_memory|        regions_47|         array|
|regions_47_we1         |  out|    1|   ap_memory|        regions_47|         array|
|ap_clk                 |   in|    1|  ap_ctrl_hs|  runTestAfterInit|  return value|
|ap_rst                 |   in|    1|  ap_ctrl_hs|  runTestAfterInit|  return value|
|ap_start               |   in|    1|  ap_ctrl_hs|  runTestAfterInit|  return value|
|ap_done                |  out|    1|  ap_ctrl_hs|  runTestAfterInit|  return value|
|ap_ready               |  out|    1|  ap_ctrl_hs|  runTestAfterInit|  return value|
|ap_idle                |  out|    1|  ap_ctrl_hs|  runTestAfterInit|  return value|
|ap_continue            |   in|    1|  ap_ctrl_hs|  runTestAfterInit|  return value|
+-----------------------+-----+-----+------------+------------------+--------------+

